warning: profiles for the non root package will be ignored, specify profiles at the workspace root:
package:   /Users/wezzard/Projects/ADA/query_engine/Cargo.toml
workspace: /Users/wezzard/Projects/ADA/Cargo.toml
   Compiling getrandom v0.3.3
   Compiling lazy_static v1.5.0
   Compiling glob v0.3.3
   Compiling rustix v0.38.44
   Compiling crossbeam-utils v0.8.21
   Compiling serde v1.0.219
   Compiling home v0.5.11
   Compiling serde_derive v1.0.219
   Compiling log v0.4.27
   Compiling parking_lot v0.12.4
   Compiling num-traits v0.2.19
   Compiling serde_json v1.0.143
   Compiling utf8parse v0.2.2
   Compiling ryu v1.0.20
   Compiling either v1.15.0
   Compiling itoa v1.0.15
   Compiling anstyle-parse v0.2.7
   Compiling anstyle v1.0.11
   Compiling anstyle-query v1.1.4
   Compiling is_terminal_polyfill v1.70.1
   Compiling zerocopy v0.8.26
   Compiling colorchoice v1.0.4
   Compiling tracing-core v0.1.34
   Compiling regex-syntax v0.8.5
   Compiling anstream v0.6.20
   Compiling clang-sys v1.8.1
   Compiling clap_lex v0.7.5
   Compiling rayon-core v1.13.0
   Compiling heck v0.5.0
   Compiling strsim v0.11.1
   Compiling clap_derive v4.5.45
   Compiling clap_builder v4.5.44
   Compiling half v2.6.0
   Compiling same-file v1.0.6
   Compiling plotters-backend v0.3.7
   Compiling ciborium-io v0.2.2
   Compiling ciborium-ll v0.2.2
   Compiling which v4.4.2
   Compiling plotters-svg v0.3.7
   Compiling regex-automata v0.4.9
   Compiling walkdir v2.5.0
   Compiling tracing-log v0.2.0
   Compiling itertools v0.10.5
   Compiling sharded-slab v0.1.7
   Compiling tracing-attributes v0.1.30
   Compiling tokio-macros v2.5.0
   Compiling clap v4.5.45
   Compiling socket2 v0.6.0
   Compiling wait-timeout v0.2.1
   Compiling mio v1.0.4
   Compiling signal-hook-registry v1.4.6
   Compiling thread_local v1.1.9
   Compiling cast v0.3.0
   Compiling nu-ansi-term v0.50.1
   Compiling fnv v1.0.7
   Compiling bytes v1.10.1
   Compiling bit-vec v0.8.0
   Compiling thiserror v2.0.16
   Compiling quick-error v1.2.3
   Compiling tracing-subscriber v0.3.20
   Compiling criterion-plot v0.5.0
   Compiling bit-set v0.8.0
   Compiling crossbeam-epoch v0.9.18
   Compiling crossbeam-channel v0.5.15
   Compiling crossbeam-deque v0.8.6
   Compiling crossbeam-queue v0.3.12
   Compiling tokio v1.47.1
   Compiling tracing v0.1.41
   Compiling regex v1.11.1
   Compiling serial_test v3.2.0
   Compiling crossbeam v0.8.4
   Compiling plotters v0.3.7
   Compiling thiserror-impl v2.0.16
   Compiling async-trait v0.1.89
   Compiling is-terminal v0.4.16
   Compiling third_parties v0.1.0 (/Users/wezzard/Projects/ADA/third_parties)
   Compiling memmap2 v0.9.8
   Compiling tempfile v3.21.0
   Compiling rand_core v0.9.3
   Compiling oorandom v11.1.5
   Compiling rand_xorshift v0.4.0
   Compiling rand v0.9.2
   Compiling byteorder v1.5.0
   Compiling rusty-fork v0.3.0
   Compiling unarray v0.1.4
   Compiling anes v0.1.6
   Compiling core-foundation-sys v0.8.7
   Compiling iana-time-zone v0.1.63
   Compiling chrono v0.4.41
   Compiling which v6.0.3
   Compiling rayon v1.11.0
   Compiling ppv-lite86 v0.2.21
   Compiling rand_chacha v0.9.0
   Compiling proptest v1.7.0
   Compiling bindgen v0.69.5
   Compiling coverage_helper v0.1.0 (/Users/wezzard/Projects/ADA/utils/coverage_helper)
   Compiling ciborium v0.2.2
   Compiling tinytemplate v1.2.1
   Compiling criterion v0.5.1
   Compiling query_engine v0.1.0 (/Users/wezzard/Projects/ADA/query_engine)
   Compiling ada-tracer v0.1.0 (/Users/wezzard/Projects/ADA/tracer)
   Compiling tracer_backend v0.1.0 (/Users/wezzard/Projects/ADA/tracer_backend)
warning: tracer_backend@0.1.0: No gtest cases found in /Users/wezzard/Projects/ADA/target/debug/tracer_backend/test/test_runloop
warning: tracer_backend@0.1.0: No gtest cases found in /Users/wezzard/Projects/ADA/target/debug/tracer_backend/test/test_cli
warning: unused import: `std::os::unix::process::CommandExt`
  --> tracer_backend/tests/tests.rs:59:21
   |
59 |                 use std::os::unix::process::CommandExt;
   |                     ^^^^^^^^^^^^^^^^^^^^^^^^^^^^^^^^^^
   |
   = note: `#[warn(unused_imports)]` on by default

warning: variable does not need to be mutable
  --> tracer_backend/tests/tests.rs:18:9
   |
18 |     let mut child = cmd.spawn()?;
   |         ----^^^^^
   |         |
   |         help: remove this `mut`
   |
   = note: `#[warn(unused_mut)]` on by default

warning: `tracer_backend` (test "tests") generated 2 warnings (run `cargo fix --test "tests"` to apply 2 suggestions)
    Finished `test` profile [unoptimized + debuginfo] target(s) in 53.08s
     Running unittests src/lib.rs (target/debug/deps/ada_tracer-f86f3c880c096acb)

running 1 test
test interface_tests::test_interfaces_compile ... ok

test result: ok. 1 passed; 0 failed; 0 ignored; 0 measured; 0 filtered out; finished in 0.00s

     Running unittests src/main.rs (target/debug/deps/ada_trace-3d178c541ca0552e)

running 0 tests

test result: ok. 0 passed; 0 failed; 0 ignored; 0 measured; 0 filtered out; finished in 0.00s

     Running unittests src/main.rs (target/debug/deps/coverage_helper-cfcdbe67f6bcf8c2)

running 0 tests

test result: ok. 0 passed; 0 failed; 0 ignored; 0 measured; 0 filtered out; finished in 0.00s

     Running unittests src/lib.rs (target/debug/deps/query_engine-e4716294257e697c)

running 1 test
test tests::test_ping ... ok

test result: ok. 1 passed; 0 failed; 0 ignored; 0 measured; 0 filtered out; finished in 0.00s

     Running unittests src/lib.rs (target/debug/deps/third_parties-a7ea99dddceb6e3b)

running 0 tests

test result: ok. 0 passed; 0 failed; 0 ignored; 0 measured; 0 filtered out; finished in 0.00s

     Running unittests src/lib.rs (target/debug/deps/tracer_backend-00d008932c01dbab)

running 1 test
test tests::test_controller_creation ... ok

test result: ok. 1 passed; 0 failed; 0 ignored; 0 measured; 0 filtered out; finished in 0.08s

     Running unittests src/bin/tracer.rs (target/debug/deps/tracer-f0a1ada67808baeb)

running 0 tests

test result: ok. 0 passed; 0 failed; 0 ignored; 0 measured; 0 filtered out; finished in 0.00s

     Running tests/tests.rs (target/debug/deps/tests-17680495006ab74c)

running 800 tests
test cpp__test_agent_loader__AgentLoaderTest__agent_loader__load_and_init__then_hooks_installed ... ok
test cpp__test_agent_state_machine__agent_state_machine__heartbeat__stall__then_dual_write_then_global_only__unit ... ok
test cpp__test_agent_mode__agent_mode__transitions__then_progresses_and_fallbacks__unit ... ok
test cpp__test_agent_registry_modes__DISABLED_agent__registry_global_only__then_global_ring_only__integration ... ok
test cpp__test_agent_loader__AgentLoaderTest__agent_loader__missing_library__then_error_reported ... ok
test cpp__test_agent_state_machine__agent_state_machine__heartbeat__resume__then_back_to_per_thread_only__unit ... ok
test cpp__test_agent_state_machine__agent_state_machine__epoch_change__then_re_attach_and_re_warm__unit ... ok
test cpp__test_agent_registry_modes__DISABLED_agent__registry_per_thread_only__then_per_thread_used__integration ... ok
test cpp__test_agent_mode_tick__agent_mode_tick__healthy_heartbeat__then_reaches_per_thread_only__unit ... ok
test cpp__test_agent_coverage__AgentCoverageTest__agent__registry_modes__exercise_code_paths ... ok
test cpp__test_agent_mode__controller__heartbeat__then_updates_monotonic__unit ... ok
test cpp__test_agent_registry_modes__DISABLED_agent__registry_dual_write__then_both_paths_used__integration ... ok
test cpp__test_agent_coverage__AgentCoverageTest__agent__registry_mode_transitions__handle_correctly ... ok
test cpp__test_agent_registry_modes__DISABLED_agent__per_thread_only_without_registry__then_fallback_to_global_and_counter_increments__integration ... ok
test cpp__test_agent_state_machine__agent_state_machine__ready_flag__set__then_dual_write_until_heartbeat_healthy__unit ... ok
test cpp__test_agent_state_machine__agent_state_machine__startup__registry_not_ready__then_global_only__unit ... ok
test cpp__test_atf_v4_writer__atf_v4_writer__finalize_writes_manifest_with_metadata ... ok
test cpp__test_atf_v4_writer__atf_v4_writer__init_creates_directory_structure ... ok
test cpp__test_atf_v4_writer__atf_v4_writer__invalid_event_kind_returns_error ... ok
test cpp__test_atf_v4_writer__atf_v4_writer__register_module_deduplicates ... ok
test cpp__test_atf_v4_writer__atf_v4_writer__write_function_call_event_produces_length_delimited_stream ... ok
test cpp__test_atf_v4_writer__atf_v4_writer_unit__DISABLED_unit__convert_function_return_fails__then_event_conversion_fails ... ok
test cpp__test_atf_v4_writer__atf_v4_writer_unit__DISABLED_unit__convert_signal_delivery_fails__then_event_conversion_fails ... ok
test cpp__test_atf_v4_writer__atf_v4_writer_unit__DISABLED_unit__convert_trace_start_conversion_fails__then_returns_error ... ok
test cpp__test_atf_v4_writer__atf_v4_writer_unit__DISABLED_unit__finalize_manifest_write_fails__then_error_incremented ... ok
test cpp__test_atf_v4_writer__atf_v4_writer_unit__DISABLED_unit__register_module_edge_cases__then_handles_correctly ... ok
test cpp__test_atf_v4_writer__atf_v4_writer_unit__DISABLED_unit__writer_flush_closed_fd__then_returns_error ... ok
test cpp__test_atf_v4_writer__atf_v4_writer_unit__unit__append_event_with_empty_payload__then_returns_einval ... ok
test cpp__test_atf_v4_writer__atf_v4_writer_unit__unit__append_event_with_malloc_failure__then_returns_enomem ... ok
test cpp__test_atf_v4_writer__atf_v4_writer_unit__unit__append_event_with_write_failure__then_error_bubbled ... ok
test cpp__test_atf_v4_writer__atf_v4_writer_unit__unit__convert_event_function_return_without_symbol__then_error_bubbles ... ok
test cpp__test_atf_v4_writer__atf_v4_writer_unit__unit__convert_event_signal_delivery__then_registers_copied ... ok
test cpp__test_atf_v4_writer__atf_v4_writer_unit__unit__convert_event_trace_end__then_exit_code_populated ... ok
test cpp__test_atf_v4_writer__atf_v4_writer_unit__unit__convert_event_with_null_arguments__then_error_returned ... ok
test cpp__test_atf_v4_writer__atf_v4_writer_unit__unit__convert_function_call_exceeds_register_limit__then_error_returned ... ok
test cpp__test_atf_v4_writer__atf_v4_writer_unit__unit__convert_function_call_exceeds_stack_limit__then_error_returned ... ok
test cpp__test_atf_v4_writer__atf_v4_writer_unit__unit__convert_function_call_missing_symbol__then_error_returned ... ok
test cpp__test_atf_v4_writer__atf_v4_writer_unit__unit__convert_function_call_valid_payload__then_register_map_emitted ... ok
test cpp__test_atf_v4_writer__atf_v4_writer_unit__unit__convert_function_return_exceeds_register_limit__then_error_returned ... ok
test cpp__test_atf_v4_writer__atf_v4_writer_unit__unit__convert_function_return_missing_symbol__then_error_returned ... ok
test cpp__test_atf_v4_writer__atf_v4_writer_unit__unit__convert_function_return_with_valid_registers__then_proto_populated ... ok
test cpp__test_atf_v4_writer__atf_v4_writer_unit__unit__convert_signal_delivery_exceeds_register_limit__then_error_returned ... ok
test cpp__test_atf_v4_writer__atf_v4_writer_unit__unit__convert_signal_delivery_null_input__then_error_returned ... ok
test cpp__test_atf_v4_writer__atf_v4_writer_unit__unit__convert_signal_delivery_valid_payload__then_registers_mapped ... ok
test cpp__test_atf_v4_writer__atf_v4_writer_unit__unit__convert_trace_end_event__then_payload_set ... ok
test cpp__test_atf_v4_writer__atf_v4_writer_unit__unit__convert_trace_start_exceeds_arg_limit__then_error_returned ... ok
test cpp__test_atf_v4_writer__atf_v4_writer_unit__unit__convert_trace_start_null_argv__then_arguments_set_to_null ... ok
test cpp__test_atf_v4_writer__atf_v4_writer_unit__unit__convert_trace_start_null_input__then_error_returned ... ok
test cpp__test_atf_v4_writer__atf_v4_writer_unit__unit__ensure_directory_with_invalid_input__then_returns_einval ... ok
test cpp__test_atf_v4_writer__atf_v4_writer_unit__unit__manifest_platform_fields_populated__then_strings_not_empty ... ok
test cpp__test_atf_v4_writer__atf_v4_writer_unit__unit__protobuf_round_trip__then_payload_matches_original ... ok
test cpp__test_atf_v4_writer__atf_v4_writer_unit__unit__test_helpers_coverage__then_all_functions_exercised ... ok
test cpp__test_atf_v4_writer__atf_v4_writer_unit__unit__varint_127__then_high_bit_not_set ... ok
test cpp__test_atf_v4_writer__atf_v4_writer_unit__unit__varint_128__then_multibyte_sequence_emitted ... ok
test cpp__test_atf_v4_writer__atf_v4_writer_unit__unit__varint_uint64_max__then_ten_byte_sequence ... ok
test cpp__test_atf_v4_writer__atf_v4_writer_unit__unit__varint_zero__then_single_byte_encoded ... ok
test cpp__test_atf_v4_writer__atf_v4_writer_unit__unit__write_all_with_write_failure__then_returns_error_code ... ok
test cpp__test_atf_v4_writer__atf_v4_writer_unit__unit__write_manifest_disabled__then_no_operation ... ok
test cpp__test_atf_v4_writer__atf_v4_writer_unit__unit__write_manifest_fdopen_failure__then_error_returned ... ok
test cpp__test_atf_v4_writer__atf_v4_writer_unit__unit__write_manifest_missing_directory__then_error_returned ... ok
test cpp__test_atf_v4_writer__atf_v4_writer_unit__unit__write_manifest_with_rename_failure__then_returns_error ... ok
test cpp__test_atf_v4_writer__atf_v4_writer_unit__unit__write_with_eintr__then_retries ... ok
test cpp__test_atf_v4_writer__atf_v4_writer_unit__unit__writer_auto_event_id_assignment__then_ids_are_unique ... ok
test cpp__test_atf_v4_writer__atf_v4_writer_unit__unit__writer_deinit_handles_null__then_no_crash ... ok
test cpp__test_atf_v4_writer__atf_v4_writer_unit__unit__writer_finalize_twice__then_subsequent_calls_noop ... ok
test cpp__test_atf_v4_writer__atf_v4_writer_unit__unit__writer_finalize_with_missing_manifest_path__then_error_counter_incremented ... ok
test cpp__test_atf_v4_writer__atf_v4_writer_unit__unit__writer_flush_with_closed_fd__then_returns_error ... ok
test cpp__test_atf_v4_writer__atf_v4_writer_unit__unit__writer_flush_with_fsync_failure__then_error_returned ... ok
test cpp__test_atf_v4_writer__atf_v4_writer_unit__unit__writer_getters_with_initialized_writer__then_values_accessible ... ok
test cpp__test_atf_v4_writer__atf_v4_writer_unit__unit__writer_getters_with_null_input__then_safe_defaults ... ok
test cpp__test_atf_v4_writer__atf_v4_writer_unit__unit__writer_init_with_invalid_arguments__then_returns_einval ... ok
test cpp__test_atf_v4_writer__atf_v4_writer_unit__unit__writer_init_with_permission_denied__then_error_returned ... ok
test cpp__test_atf_v4_writer__atf_v4_writer_unit__unit__writer_register_module_at_capacity__then_returns_enospc ... ok
test cpp__test_atf_v4_writer__atf_v4_writer_unit__unit__writer_register_module_when_full__then_returns_enospc ... ok
test cpp__test_atf_v4_writer__atf_v4_writer_unit__unit__writer_register_module_with_invalid_uuid__then_error_returned ... ok
test cpp__test_atf_v4_writer__atf_v4_writer_unit__unit__writer_with_invalid_fd__then_write_fails ... ok
test cpp__test_atf_v4_writer__atf_v4_writer_unit__unit__writer_write_event_function_return_without_symbol__then_error_recorded ... ok
test cpp__test_atf_v4_writer__atf_v4_writer_unit__unit__writer_write_event_with_closed_fd__then_error_counter_incremented ... ok
test cpp__test_atf_v4_writer_integration__atf_v4_writer_integration__integration__deinit_after_external_close__then_cleans_up_state ... ok
test cpp__test_atf_v4_writer_integration__atf_v4_writer_integration__integration__drain_thread_stop_with_manifest_error__then_write_errors_incremented ... ok
test cpp__test_atf_v4_writer_integration__atf_v4_writer_integration__integration__drain_thread_stop_with_writer__then_writer_finalized ... ok
test cpp__test_atf_v4_writer_integration__atf_v4_writer_integration__integration__finalize_after_events_fd_closed__then_error_reported ... ok
test cpp__test_atf_v4_writer_integration__atf_v4_writer_integration__integration__flush_after_external_fd_close__then_returns_error ... ok
test cpp__test_atf_v4_writer_integration__atf_v4_writer_integration__integration__write_event_with_excessive_stack__then_error_recorded ... ok
test cpp__test_atf_v4_writer_integration__atf_v4_writer_integration__integration__write_signal_delivery_event__then_counters_updated ... ok
test cpp__test_backpressure_state__BackpressureConfig__config_from_env__overrides_and_validates ... ok
test cpp__test_backpressure_state__BackpressureConfig__config_validate__invalid_values__then_defaults_applied ... ok
test cpp__test_backpressure_state__BackpressureConfig__config_validate__pressure_exceeds_recovery_upper_bound__then_defaults_restored ... ok
test cpp__test_backpressure_state__BackpressureConfig__config_validate__repairs_invalid_ranges ... ok
test cpp__test_backpressure_state__BackpressureLogging__drop_logging__respects_interval ... ok
test cpp__test_backpressure_state__BackpressureLogging__state_change_logging__captures_transitions ... ok
test cpp__test_backpressure_state__BackpressureMetrics__export_metrics__captures_current_state ... ok
test cpp__test_backpressure_state__BackpressureMetrics__export_metrics__null_inputs__then_no_writes ... ok
test cpp__test_backpressure_state__BackpressureState__backpressure_state__logging_paths__then_transitions_recorded ... ok
test cpp__test_backpressure_state__BackpressureState__backpressure_state__recovery_callback_from_dropping__then_updates_state_and_metrics ... ok
test cpp__test_backpressure_state__BackpressureState__backpressure_state__transitions_across_thresholds__then_hysteresis_respected ... ok
test cpp__test_backpressure_state__BackpressureState__backpressure_state_reset__after_activity__then_counters_cleared ... ok
test cpp__test_backpressure_state__BackpressureState__bp_log_state_change__invalid_mode__then_records_unknown_transition ... ok
test cpp__test_backpressure_state__BackpressureState__nothrow_operator_delete__valid_pointer__then_calls_custom_delete ... ok
test cpp__test_backpressure_state__BackpressureState__ring_pool_backpressure__exhaustion__then_drop_oldest_and_track_state ... ok
test cpp__test_backpressure_state__RingBufferPrivate__ring_buffer__status_and_reset__then_consistent ... ok
test cpp__test_backpressure_state__RingPoolBackpressure__ring_pool_create__allocation_failure__then_returns_null ... ok
test cpp__test_backpressure_state__RingPoolBackpressure__ring_pool_handle_exhaustion__without_submitted_ring__then_returns_false ... ok
test cpp__test_baseline_hooks__BaselineHooks__AgentLoads ... ok
test cpp__test_baseline_hooks__BaselineHooks__BasicFunctionality ... ok
test cpp__test_baseline_hooks__BaselineHooks__MultiThreaded ... ok
test cpp__test_cli_parser_args__cli_parser__persistence_flags__then_store_seconds ... ok
test cpp__test_baseline_hooks__BaselineHooks__ReentrancyProtection ... ok
test cpp__test_cli_modes__TestCliModes__ParsesWaitAndBriefFlags ... ok
test cpp__test_baseline_hooks__BaselineHooks__SharedMemorySetup ... ok
test cpp__test_cli_malloc_failure__TestCliMallocFailure__HandlesAllocationFailureGracefully ... ok
test cpp__test_cli_modes__TestCliModes__BriefModeReducesWorkload ... ok
test cpp__test_cli_modes__TestCliModes__DefaultsWithoutFlags ... ok
test cpp__test_cli_parser_args__cli_parser__attach_mode_with_flags__then_parses_pid_and_name ... ok
test cpp__test_cli_parser_args__cli_parser__duration_invalid__then_sets_error ... ok
test cpp__test_cli_parser_args__cli_parser__exclude_list__then_splits_modules ... ok
test cpp__test_cli_parser_args__cli_parser__exclude_invalid_module__then_sets_error ... ok
test cpp__test_cli_parser_args__cli_parser__flag_mixture__then_records_basic_values ... ok
test cpp__test_cli_parser_args__cli_parser__mixed_flag_value_styles__then_parses_all ... ok
test cpp__test_cli_parser_args__cli_parser__spawn_mode_with_leading_flags__then_collects_executable ... ok
test cpp__test_cli_parser_args__cli_parser__stack_bytes_out_of_range__then_sets_error ... ok
test cpp__test_cli_parser_args__cli_parser__trigger_duplicate__then_sets_error ... ok
test cpp__test_cli_parser_args__cli_parser__trigger_variants__then_parse_details ... ok
test cpp__test_cli_parser_args__cli_parser__unknown_flag__then_sets_error ... ok
test cpp__test_cli_parser_comprehensive__CliParserComprehensiveTest__append_trigger_null_parameters ... ok
test cpp__test_cli_parser_comprehensive__CliParserComprehensiveTest__arg_check_functions_null_handling ... ok
test cpp__test_cli_parser_comprehensive__CliParserComprehensiveTest__arg_is_help_and_version_handle_null_values ... ok
test cpp__test_cli_parser_comprehensive__CliParserComprehensiveTest__attach_mode_allows_missing_process_name ... ok
test cpp__test_cli_parser_comprehensive__CliParserComprehensiveTest__attach_mode_control_flow_restoration ... ok
test cpp__test_cli_parser_comprehensive__CliParserComprehensiveTest__attach_mode_parses_pid_and_optional_process_name ... ok
test cpp__test_cli_parser_comprehensive__CliParserComprehensiveTest__attach_mode_rejects_non_numeric_pid ... ok
test cpp__test_cli_parser_comprehensive__CliParserComprehensiveTest__attach_mode_rejects_zero_pid ... ok
test cpp__test_cli_parser_comprehensive__CliParserComprehensiveTest__attach_mode_skip_flag_with_value_restore_index ... ok
test cpp__test_cli_parser_comprehensive__CliParserComprehensiveTest__attach_mode_skip_null_empty_args ... ok
test cpp__test_cli_parser_comprehensive__CliParserComprehensiveTest__attach_mode_with_invalid_pid_reports_error ... ok
test cpp__test_cli_parser_comprehensive__CliParserComprehensiveTest__attach_mode_without_pid_sets_error ... ok
test cpp__test_cli_parser_comprehensive__CliParserComprehensiveTest__attach_name_interleaved_flags ... ok
test cpp__test_cli_parser_comprehensive__CliParserComprehensiveTest__attach_pid_interleaved_flags ... ok
test cpp__test_cli_parser_comprehensive__CliParserComprehensiveTest__bare_double_dash_only ... ok
test cpp__test_cli_parser_comprehensive__CliParserComprehensiveTest__consumed_args_with_delimiter ... ok
test cpp__test_cli_parser_comprehensive__CliParserComprehensiveTest__create_when_consumed_buffer_allocation_fails_then_returns_null ... ok
test cpp__test_cli_parser_comprehensive__CliParserComprehensiveTest__create_when_initial_allocation_fails_then_returns_null ... ok
test cpp__test_cli_parser_comprehensive__CliParserComprehensiveTest__create_with_zero_args_then_has_no_consumed_buffer ... ok
test cpp__test_cli_parser_comprehensive__CliParserComprehensiveTest__dash_dash_null_consumed_args ... ok
test cpp__test_cli_parser_comprehensive__CliParserComprehensiveTest__destroy_accepts_null_pointer ... ok
test cpp__test_cli_parser_comprehensive__CliParserComprehensiveTest__detect_mode_allows_help_keyword_without_prefix ... ok
test cpp__test_cli_parser_comprehensive__CliParserComprehensiveTest__detect_mode_handles_dash_dash_delimiter ... ok
test cpp__test_cli_parser_comprehensive__CliParserComprehensiveTest__detect_mode_handles_long_version_flag ... ok
test cpp__test_cli_parser_comprehensive__CliParserComprehensiveTest__detect_mode_handles_null_empty_args_in_loop ... ok
test cpp__test_cli_parser_comprehensive__CliParserComprehensiveTest__detect_mode_handles_version_flag_without_prefix ... ok
test cpp__test_cli_parser_comprehensive__CliParserComprehensiveTest__detect_mode_help_and_version_commands_not_flags ... ok
test cpp__test_cli_parser_comprehensive__CliParserComprehensiveTest__detect_mode_help_command_not_flag_direct ... ok
test cpp__test_cli_parser_comprehensive__CliParserComprehensiveTest__detect_mode_reports_unknown_command_error ... ok
test cpp__test_cli_parser_comprehensive__CliParserComprehensiveTest__detect_mode_skips_leading_flags_to_find_command ... ok
test cpp__test_cli_parser_comprehensive__CliParserComprehensiveTest__detect_mode_version_command_not_flag_direct ... ok
test cpp__test_cli_parser_comprehensive__CliParserComprehensiveTest__detect_mode_with_null_parser_returns_invalid ... ok
test cpp__test_cli_parser_comprehensive__CliParserComprehensiveTest__detect_mode_with_single_program_reports_error ... ok
test cpp__test_cli_parser_comprehensive__CliParserComprehensiveTest__detect_mode_without_command_after_trace_sets_error ... ok
test cpp__test_cli_parser_comprehensive__CliParserComprehensiveTest__detect_mode_without_trace_prefix_allows_direct_command ... ok
test cpp__test_cli_parser_comprehensive__CliParserComprehensiveTest__dispatch_failure_no_value_flag ... ok
test cpp__test_cli_parser_comprehensive__CliParserComprehensiveTest__dispatch_flag_null_parameters ... ok
test cpp__test_cli_parser_comprehensive__CliParserComprehensiveTest__dispatch_flag_unknown_falls_through ... ok
test cpp__test_cli_parser_comprehensive__CliParserComprehensiveTest__duration_flag_validates_range_and_parses_value ... ok
test cpp__test_cli_parser_comprehensive__CliParserComprehensiveTest__empty_flag_body_after_double_dash ... ok
test cpp__test_cli_parser_comprehensive__CliParserComprehensiveTest__error_functions_null_parameter_handling ... ok
test cpp__test_cli_parser_comprehensive__CliParserComprehensiveTest__exclude_flag_allocation_failures_propagate ... ok
test cpp__test_cli_parser_comprehensive__CliParserComprehensiveTest__exclude_flag_handles_errors_for_empty_and_invalid_segments ... ok
test cpp__test_cli_parser_comprehensive__CliParserComprehensiveTest__exclude_flag_trims_and_deduplicates_modules ... ok
test cpp__test_cli_parser_comprehensive__CliParserComprehensiveTest__exclude_list_large_expansion ... ok
test cpp__test_cli_parser_comprehensive__CliParserComprehensiveTest__filter_capacity_growth_and_module_exists_checks ... ok
test cpp__test_cli_parser_comprehensive__CliParserComprehensiveTest__filter_expansion_large_capacity ... ok
test cpp__test_cli_parser_comprehensive__CliParserComprehensiveTest__find_next_unconsumed_null_parser_returns_negative ... ok
test cpp__test_cli_parser_comprehensive__CliParserComprehensiveTest__find_next_unconsumed_skips_consumed_arguments ... ok
test cpp__test_cli_parser_comprehensive__CliParserComprehensiveTest__find_next_unconsumed_skips_null_empty ... ok
test cpp__test_cli_parser_comprehensive__CliParserComprehensiveTest__flag_dispatch_failure_propagates_for_no_value_flags ... ok
test cpp__test_cli_parser_comprehensive__CliParserComprehensiveTest__flag_handlers_null_parser_comprehensive ... ok
test cpp__test_cli_parser_comprehensive__CliParserComprehensiveTest__flag_lookup_edge_cases ... ok
test cpp__test_cli_parser_comprehensive__CliParserComprehensiveTest__get_config_const_returns_same_pointer ... ok
test cpp__test_cli_parser_comprehensive__CliParserComprehensiveTest__get_flags_returns_registry_and_count ... ok
test cpp__test_cli_parser_comprehensive__CliParserComprehensiveTest__long_flag_empty_value_after_equals ... ok
test cpp__test_cli_parser_comprehensive__CliParserComprehensiveTest__long_flag_empty_value_after_equals_error ... ok
test cpp__test_cli_parser_comprehensive__CliParserComprehensiveTest__long_flag_missing_value_error ... ok
test cpp__test_cli_parser_comprehensive__CliParserComprehensiveTest__long_flag_next_null ... ok
test cpp__test_cli_parser_comprehensive__CliParserComprehensiveTest__lookup_functions_handle_edge_cases ... ok
test cpp__test_cli_parser_comprehensive__CliParserComprehensiveTest__malloc_failure_trigger_symbol ... ok
test cpp__test_cli_parser_comprehensive__CliParserComprehensiveTest__malloc_failure_trigger_time ... ok
test cpp__test_cli_parser_comprehensive__CliParserComprehensiveTest__module_exists_is_safe_for_null_arguments ... ok
test cpp__test_cli_parser_comprehensive__CliParserComprehensiveTest__null_argv_entry_handling ... ok
test cpp__test_cli_parser_comprehensive__CliParserComprehensiveTest__output_flag_requires_non_empty_value ... ok
test cpp__test_cli_parser_comprehensive__CliParserComprehensiveTest__parse_flags_dash_dash_delimiter_marks_consumed ... ok
test cpp__test_cli_parser_comprehensive__CliParserComprehensiveTest__parse_flags_double_dash_empty_body_skip ... ok
test cpp__test_cli_parser_comprehensive__CliParserComprehensiveTest__parse_flags_double_dash_with_consumed_args ... ok
test cpp__test_cli_parser_comprehensive__CliParserComprehensiveTest__parse_flags_empty_long_flag_body_skipped ... ok
test cpp__test_cli_parser_comprehensive__CliParserComprehensiveTest__parse_flags_handles_null_empty_args_gracefully ... ok
test cpp__test_cli_parser_comprehensive__CliParserComprehensiveTest__parse_flags_long_flag_empty_assignment_sets_error ... ok
test cpp__test_cli_parser_comprehensive__CliParserComprehensiveTest__parse_flags_long_flag_empty_value_after_equals ... ok
test cpp__test_cli_parser_comprehensive__CliParserComprehensiveTest__parse_flags_long_flag_missing_value_sets_error ... ok
test cpp__test_cli_parser_comprehensive__CliParserComprehensiveTest__parse_flags_marks_consumed_values ... ok
test cpp__test_cli_parser_comprehensive__CliParserComprehensiveTest__parse_flags_no_value_flag_dispatch_failure ... ok
test cpp__test_cli_parser_comprehensive__CliParserComprehensiveTest__parse_flags_non_flag_args_skipped ... ok
test cpp__test_cli_parser_comprehensive__CliParserComprehensiveTest__parse_flags_null_parser_returns_false ... ok
test cpp__test_cli_parser_comprehensive__CliParserComprehensiveTest__parse_flags_rejects_value_for_flag_without_value ... ok
test cpp__test_cli_parser_comprehensive__CliParserComprehensiveTest__parse_flags_resets_previous_configuration_state ... ok
test cpp__test_cli_parser_comprehensive__CliParserComprehensiveTest__parse_flags_sets_help_and_version_flags ... ok
test cpp__test_cli_parser_comprehensive__CliParserComprehensiveTest__parse_flags_short_flag_allows_equals_inline_value ... ok
test cpp__test_cli_parser_comprehensive__CliParserComprehensiveTest__parse_flags_short_flag_missing_value_sets_error ... ok
test cpp__test_cli_parser_comprehensive__CliParserComprehensiveTest__parse_flags_skips_dash_dash_delimiter ... ok
test cpp__test_cli_parser_comprehensive__CliParserComprehensiveTest__parse_flags_unknown_short_flag_sets_error ... ok
test cpp__test_cli_parser_comprehensive__CliParserComprehensiveTest__parse_flags_with_preexisting_error_returns_false ... ok
test cpp__test_cli_parser_comprehensive__CliParserComprehensiveTest__parse_mode_args_help_and_version_modes_succeed ... ok
test cpp__test_cli_parser_comprehensive__CliParserComprehensiveTest__parse_mode_args_invalid_mode_sets_error ... ok
test cpp__test_cli_parser_comprehensive__CliParserComprehensiveTest__parse_mode_args_null_parser_returns_false ... ok
test cpp__test_cli_parser_comprehensive__CliParserComprehensiveTest__parse_mode_args_when_error_already_set_then_short_circuits ... ok
test cpp__test_cli_parser_comprehensive__CliParserComprehensiveTest__parse_u32_handles_edge_cases ... ok
test cpp__test_cli_parser_comprehensive__CliParserComprehensiveTest__parser_accessors_handle_null_inputs ... ok
test cpp__test_cli_parser_comprehensive__CliParserComprehensiveTest__parser_error_helpers_clear_and_set_messages ... ok
test cpp__test_cli_parser_comprehensive__CliParserComprehensiveTest__pre_and_post_roll_flags_respect_bounds ... ok
test cpp__test_cli_parser_comprehensive__CliParserComprehensiveTest__reset_functions_handle_null_config ... ok
test cpp__test_cli_parser_comprehensive__CliParserComprehensiveTest__reset_helpers_release_allocated_memory ... ok
test cpp__test_cli_parser_comprehensive__CliParserComprehensiveTest__short_flag_dispatch_completion ... ok
test cpp__test_cli_parser_comprehensive__CliParserComprehensiveTest__short_flag_dispatch_success_path ... ok
test cpp__test_cli_parser_comprehensive__CliParserComprehensiveTest__short_flag_empty_next_arg_error ... ok
test cpp__test_cli_parser_comprehensive__CliParserComprehensiveTest__short_flag_empty_value_after_space ... ok
test cpp__test_cli_parser_comprehensive__CliParserComprehensiveTest__short_flag_equals_empty_value_error ... ok
test cpp__test_cli_parser_comprehensive__CliParserComprehensiveTest__short_flag_next_null ... ok
test cpp__test_cli_parser_comprehensive__CliParserComprehensiveTest__short_flag_no_value_dispatch_success ... ok
test cpp__test_cli_parser_comprehensive__CliParserComprehensiveTest__short_flag_unexpected_inline_value_error ... ok
test cpp__test_cli_parser_comprehensive__CliParserComprehensiveTest__short_flag_value_edge_cases ... ok
test cpp__test_cli_parser_comprehensive__CliParserComprehensiveTest__skip_known_flag_empty_long_flag_returns_false ... ok
test cpp__test_cli_parser_comprehensive__CliParserComprehensiveTest__skip_known_flag_handles_long_and_short_variants ... ok
test cpp__test_cli_parser_comprehensive__CliParserComprehensiveTest__spawn_argument_collect_skip ... ok
test cpp__test_cli_parser_comprehensive__CliParserComprehensiveTest__spawn_mode_argument_array_allocation_failure_sets_error ... ok
test cpp__test_cli_parser_comprehensive__CliParserComprehensiveTest__spawn_mode_control_flow_restoration ... ok
test cpp__test_cli_parser_comprehensive__CliParserComprehensiveTest__spawn_mode_indices_allocation_failure_sets_error ... ok
test cpp__test_cli_parser_comprehensive__CliParserComprehensiveTest__spawn_mode_parsing_collects_executable_and_arguments ... ok
test cpp__test_cli_parser_comprehensive__CliParserComprehensiveTest__spawn_mode_skip_flag_with_value_restore_index ... ok
test cpp__test_cli_parser_comprehensive__CliParserComprehensiveTest__spawn_mode_skip_null_empty_args ... ok
test cpp__test_cli_parser_comprehensive__CliParserComprehensiveTest__spawn_mode_without_executable_sets_error ... ok
test cpp__test_cli_parser_comprehensive__CliParserComprehensiveTest__spawn_skip_flag_restore_idx ... ok
test cpp__test_cli_parser_comprehensive__CliParserComprehensiveTest__stack_flag_validates_range ... ok
test cpp__test_cli_parser_comprehensive__CliParserComprehensiveTest__strdup_helpers_handle_null_and_copy_strings ... ok
test cpp__test_cli_parser_comprehensive__CliParserComprehensiveTest__trigger_append_failure ... ok
test cpp__test_cli_parser_comprehensive__CliParserComprehensiveTest__trigger_capacity_resizes_and_initializes_entries ... ok
test cpp__test_cli_parser_comprehensive__CliParserComprehensiveTest__trigger_flag_crash_appends_entry ... ok
test cpp__test_cli_parser_comprehensive__CliParserComprehensiveTest__trigger_flag_edge_cases_for_coverage ... ok
test cpp__test_cli_parser_comprehensive__CliParserComprehensiveTest__trigger_flag_invalid_keyword_sets_error ... ok
test cpp__test_cli_parser_comprehensive__CliParserComprehensiveTest__trigger_flag_memory_allocation_failures_propagate_errors ... ok
test cpp__test_cli_parser_comprehensive__CliParserComprehensiveTest__trigger_flag_rejects_duplicate_entries ... ok
test cpp__test_cli_parser_comprehensive__CliParserComprehensiveTest__trigger_flag_requires_non_empty_value ... ok
test cpp__test_cli_parser_comprehensive__CliParserComprehensiveTest__trigger_flag_symbol_parses_various_delimiters ... ok
test cpp__test_cli_parser_comprehensive__CliParserComprehensiveTest__trigger_flag_symbol_regex_parses_pattern ... ok
test cpp__test_cli_parser_comprehensive__CliParserComprehensiveTest__trigger_flag_symbol_requires_symbol_name ... ok
test cpp__test_cli_parser_comprehensive__CliParserComprehensiveTest__trigger_flag_time_parses_and_validates_range ... ok
test cpp__test_cli_parser_comprehensive__CliParserComprehensiveTest__trigger_symbol_both_separators ... ok
test cpp__test_cli_parser_comprehensive__CliParserComprehensiveTest__trim_bounds_detects_offsets_and_lengths ... ok
test cpp__test_cli_parser_comprehensive__CliParserComprehensiveTest__utility_functions_null_parameter_handling ... ok
test cpp__test_cli_parser_comprehensive__CliParserComprehensiveTest__validate_module_name_enforces_character_set ... ok
test cpp__test_cli_parser_mode_detection__cli_parser__mode_detection__attach_command_then_sets_attach_mode ... ok
test cpp__test_cli_parser_mode_detection__cli_parser__mode_detection__help_flag_then_sets_help_mode ... ok
test cpp__test_cli_parser_mode_detection__cli_parser__mode_detection__invalid_command_then_sets_error ... ok
test cpp__test_cli_parser_mode_detection__cli_parser__mode_detection__no_command_then_returns_invalid ... ok
test cpp__test_cli_parser_mode_detection__cli_parser__mode_detection__spawn_command_then_sets_spawn_mode ... ok
test cpp__test_cli_parser_mode_detection__cli_parser__mode_detection__version_flag_then_sets_version_mode ... ok
test cpp__test_comprehensive_hooks__comprehensive_hooks__plan_comprehensive__then_combines_modules__unit ... ok
test cpp__test_comprehensive_hooks__comprehensive_hooks__plan_module_hooks__then_excludes_filtered__unit ... ok
test cpp__test_control_block_ipc__control_block_ipc__counters__then_update_and_read__unit ... ok
test cpp__test_control_block_ipc__control_block_ipc__heartbeat_ns__then_reads_set_value__unit ... ok
test cpp__test_control_block_ipc__control_block_ipc__registry_epoch__then_reads_set_value__unit ... ok
test cpp__test_control_block_ipc__control_block_ipc__registry_mode__then_reads_set_value__unit ... ok
test cpp__test_control_block_ipc__control_block_ipc__registry_ready__then_reads_set_value__unit ... ok
test cpp__test_control_block_ipc__control_block_ipc__registry_version__then_reads_set_value__unit ... ok
test cpp__test_controller_coverage__ControllerCoverageTest__DISABLED_controller__registry_disabled__then_no_registry_init ... ok
test cpp__test_controller_coverage__ControllerCoverageTest__controller__create_with_output__then_initializes_drain_thread ... ok
test cpp__test_controller_env_propagation__ControllerEnvPropagationTest__DISABLED_controller__spawn_with_coverage_env__then_propagates_to_child ... ok
test cpp__test_controller_env_propagation__ControllerEnvPropagationTest__DISABLED_controller__spawn_without_coverage_env__then_no_propagation ... ok
test cpp__test_controller_env_propagation__ControllerEnvPropagationTest__controller__initialize_registry__then_sets_ipc_values ... ok
test cpp__test_controller_env_propagation__ControllerEnvPropagationTest__controller__spawn_and_drain_events__then_stats_updated ... ok
test cpp__test_controller_full_lifecycle__ControllerFullLifecycleTest__agent__dlopen_symbols__then_exports_resolve ... ok
test cpp__test_controller_full_lifecycle__ControllerFullLifecycleTest__controller__spawn_attach_resume__then_full_lifecycle_succeeds ... ok
test cpp__test_controller_heartbeat__controller__capture_rate_drop__then_request_dual_write_mode__unit ... ok
test cpp__test_controller_main__main__duration_negative__then_reports_error__behavior ... ok
test cpp__test_controller_main__main__duration_non_numeric__then_reports_error__behavior ... ok
test cpp__test_controller_main__main__duration_submillisecond__then_rounds_up_timer__behavior ... ok
test cpp__test_controller_main__main__duration_zero__then_skips_timer_start__behavior ... ok
test cpp__test_controller_main__main__exclude_option__then_sets_environment__behavior ... ok
test cpp__test_controller_main__main__frida_create_failure__then_reports_error__behavior ... ok
test cpp__test_controller_main__main__install_hooks_failure__then_reports_error__behavior ... ok
test cpp__test_controller_heartbeat__controller__drain_loop__then_heartbeat_monotonic__unit ... ok
test cpp__test_controller_heartbeat__controller__init__then_registry_ready_flag_set__unit ... ok
test cpp__test_controller_main__main__argc_too_small__then_prints_usage_and_returns_error__behavior ... ok
test cpp__test_controller_main__main__attach_attach_failure__then_reports_error__behavior ... ok
test cpp__test_controller_main__main__attach_invalid_pid__then_reports_error__behavior ... ok
test cpp__test_controller_main__main__cleanup_active_timer__then_cancels_during_cleanup__behavior ... ok
test cpp__test_controller_main__main__invalid_shutdown_reason__then_no_announcement_printed__behavior ... ok
test cpp__test_controller_main__main__print_usage_failure__then_emits_fallback_message__behavior ... ok
test cpp__test_controller_main__main__print_usage_success__then_forwards_buffer_to_fputs__behavior ... ok
test cpp__test_controller_main__main__process_terminates__then_exits_monitor_loop__behavior ... ok
test cpp__test_controller_main__main__resume_failure__then_reports_error__behavior ... ok
test cpp__test_controller_main__main__shutdown_manager_init_fails__then_reports_error_and_exits__behavior ... ok
test cpp__test_controller_main__main__shutdown_signal_received__then_prints_signal_announcement__behavior ... ok
test cpp__test_controller_main__main__signal_handler_init_fails__then_reports_error_and_exits__behavior ... ok
test cpp__test_controller_main__main__signal_handler_install_fails__then_reports_error_and_exits__behavior ... ok
test cpp__test_controller_main__main__spawn_attach_failure__then_reports_error__behavior ... ok
test cpp__test_controller_main__main__spawn_spawn_failure__then_reports_error__behavior ... ok
test cpp__test_controller_main__main__successful_spawn_with_duration__then_detaches_and_cleans_up__behavior ... ok
test cpp__test_controller_main__main__timer_elapsed__then_prints_timer_announcement__behavior ... ok
test cpp__test_controller_main__main__timer_init_failure__then_reports_error__behavior ... ok
test cpp__test_controller_main__main__timer_start_failure__then_reports_error__behavior ... ok
test cpp__test_controller_main__main__unknown_mode__then_prints_usage__behavior ... ok
test cpp__test_controller_usage__cli_usage__insufficient_buffer__then_truncates_and_terminates__behavior ... ok
test cpp__test_controller_usage__cli_usage__null_buffer__then_returns_zero__behavior ... ok
test cpp__test_controller_usage__cli_usage__null_program__then_clears_buffer__behavior ... ok
test cpp__test_controller_usage__cli_usage__snprintf_failure__then_returns_zero_and_clears_buffer__behavior ... ok
test cpp__test_controller_usage__cli_usage__zero_buffer_size__then_preserves_buffer__behavior ... ok
test cpp__test_controller_usage__controller__usage__includes_duration_flag__prints_duration_option ... ok
test cpp__test_coverage_gaps__CoverageGapTest__detail_lane_control_create__null_detail_lane__then_returns_null ... ok
test cpp__test_coverage_gaps__CoverageGapTest__marking_policy__case_insensitive_mismatch__then_false ... ok
test cpp__test_coverage_gaps__CoverageGapTest__marking_policy__empty_patterns__then_false ... ok
test cpp__test_coverage_gaps__CoverageGapTest__marking_policy__invalid_target__then_false ... ok
test cpp__test_coverage_gaps__CoverageGapTest__marking_policy__module_case_insensitive_mismatch__then_false ... ok
test cpp__test_coverage_gaps__CoverageGapTest__marking_policy__null_inputs__then_false ... ok
test cpp__test_coverage_gaps__CoverageGapTest__marking_policy__very_long_strings__then_handled ... ok
test cpp__test_coverage_gaps__CoverageGapTest__marking_policy_from_triggers__invalid_symbol_names__then_skipped ... ok
test cpp__test_coverage_gaps__CoverageGapTest__marking_policy_from_triggers__null_triggers__then_empty_policy ... ok
test cpp__test_coverage_gaps__CoverageGapTest__selective_swap__internal_pool_null__then_state_error ... ok
test cpp__test_coverage_gaps__CoverageGapTest__selective_swap__swap_fails__then_state_error ... ok
test cpp__test_coverage_gaps__CoverageGapTest__write_metadata__various_io_failures__then_error ... ok
test cpp__test_detail_lane_control__DetailLaneControlCreateTest__allocation_failure__nothrow_new_returns_null__then_creation_fails ... ok
test cpp__test_detail_lane_control__DetailLaneControlCreateTest__invalid_arguments__null_dependencies__then_creation_fails ... ok
test cpp__test_detail_lane_control__DetailLaneControlErrorTest__AC_error_handling__close_without_mark__then_reports_state_error ... ok
test cpp__test_detail_lane_control__DetailLaneControlErrorTest__AC_error_handling__metadata_failure__then_failure_counted ... ok
test cpp__test_detail_lane_control__DetailLaneControlErrorTest__close_window__null_output__then_invalid_argument_recorded ... ok
test cpp__test_detail_lane_control__DetailLaneControlErrorTest__close_window__timestamp_before_start__then_invalid_argument_reported ... ok
test cpp__test_detail_lane_control__DetailLaneControlErrorTest__mark_event__null_probe__then_invalid_argument_recorded ... ok
test cpp__test_detail_lane_control__DetailLaneControlErrorTest__mark_event__timestamp_before_window__then_state_error ... ok
test cpp__test_detail_lane_control__DetailLaneControlErrorTest__selective_swap__no_mark_seen__then_state_error ... ok
test cpp__test_detail_lane_control__DetailLaneControlErrorTest__selective_swap__null_output__then_invalid_argument_recorded ... ok
test cpp__test_detail_lane_control__DetailLaneControlGuardTest__guard_functions__null_inputs__then_safe_defaults ... ok
test cpp__test_detail_lane_control__DetailLaneControlMetadataTest__metadata_writer__empty_session_dir__then_invalid_argument_recorded ... ok
test cpp__test_detail_lane_control__DetailLaneControlMetadataTest__metadata_writer__nullptr_arguments__then_invalid_argument_recorded ... ok
test cpp__test_detail_lane_control__DetailLaneControlMetadataTest__metadata_writer__path_overflow__then_io_failure_recorded ... ok
test cpp__test_detail_lane_control__DetailLaneControlMetadataTest__metadata_writer__valid_directory__then_file_written ... ok
test cpp__test_detail_lane_control__DetailLaneControlMetricsTest__AC_metrics__accurate_counting__then_observable ... ok
test cpp__test_detail_lane_control__DetailLaneControlMetricsTest__collect_metrics__pending_window_included__then_pending_consumed ... ok
test cpp__test_detail_lane_control__DetailLaneControlMetricsTest__mark_dump_complete__without_pending__then_counts_increment ... ok
test cpp__test_detail_lane_control__DetailLaneControlTest__close_window__timestamps_updated__then_dump_ready ... ok
test cpp__test_detail_lane_control__DetailLaneControlTest__concurrent_marking__multiple_threads__then_thread_safe ... ok
test cpp__test_detail_lane_control__DetailLaneControlTest__new_window__start_timestamp_set__then_tracking_begins ... ok
test cpp__test_detail_lane_control__DetailLaneControlTest__ring_full__lane_mark_cleared__then_discarded_and_reset ... ok
test cpp__test_detail_lane_control__DetailLaneControlTest__ring_full__marked_event_seen__then_dump_triggered ... ok
test cpp__test_detail_lane_control__DetailLaneControlTest__ring_full__no_marked_event__then_discard_and_continue ... ok
test cpp__test_detail_lane_control__DetailLaneControlTest__ring_not_full__marked_event_seen__then_no_dump ... ok
test cpp__test_detail_lane_control__DetailLaneControlTest__selective_swap__conditions_met__then_swap_performed ... ok
test cpp__test_detail_lane_control__DetailLaneControlTest__selective_swap__conditions_not_met__then_swap_skipped ... ok
test cpp__test_detail_lane_control__DetailLaneControlTest__window_metadata__calculated_correctly__then_accurate ... ok
test cpp__test_detail_lane_control__DetailLaneControlWrapperTest__wrappers__start_and_record__then_state_advances ... ok
test cpp__test_drain_metrics__DrainThreadMetrics__GetThreadMetricsView ... ok
test cpp__test_drain_metrics__DrainThreadMetrics__InitFailurePath ... ok
test cpp__test_drain_thread__DrainThreadUnit__drain_thread__attach_atf_writer__then_retrievable ... ok
test cpp__test_drain_thread__DrainThreadUnit__drain_thread__concurrent_stop_calls__then_all_callers_succeed ... ok
test cpp__test_drain_thread__DrainThreadUnit__drain_thread__config_default_null__then_noop ... ok
test cpp__test_drain_thread__DrainThreadUnit__drain_thread__create_allocation_failure__then_returns_null ... ok
test cpp__test_drain_thread__DrainThreadUnit__drain_thread__create_mutex_init_failure__then_returns_null ... ok
test cpp__test_drain_thread__DrainThreadUnit__drain_thread__create_with_defaults__then_initialized_state ... ok
test cpp__test_drain_thread__DrainThreadUnit__drain_thread__create_with_null_registry__then_returns_null ... ok
test cpp__test_drain_thread__DrainThreadUnit__drain_thread__destroy_while_running__then_stop_is_invoked ... ok
test cpp__test_drain_thread__DrainThreadUnit__drain_thread__detail_lane_limit_hit__then_fairness_switches_increment ... ok
test cpp__test_drain_thread__DrainThreadUnit__drain_thread__detail_lane_submission__then_detail_metrics_increment ... ok
test cpp__test_drain_thread__DrainThreadUnit__drain_thread__drain_cycle_cursor_wraps__then_resets_to_zero ... ok
test cpp__test_drain_thread__DrainThreadUnit__drain_thread__drain_lane_and_cycle_null_inputs__then_return_zero_or_false ... ok
test cpp__test_drain_thread__DrainThreadUnit__drain_thread__fair_round_robin__then_all_threads_progress ... ok
test cpp__test_drain_thread__DrainThreadUnit__drain_thread__fairness_quantum_hit__then_switch_counter_increments ... ok
test cpp__test_drain_thread__DrainThreadUnit__drain_thread__final_drain_flushes_pending_work__then_all_rings_processed ... ok
test cpp__test_drain_thread__DrainThreadUnit__drain_thread__idle_with_sleep_config__then_sleeps_and_tracks_duration ... ok
test cpp__test_drain_thread__DrainThreadUnit__drain_thread__internal_return_ring_retry_paths__then_eventually_succeeds ... ok
test cpp__test_drain_thread__DrainThreadUnit__drain_thread__limit_zero_values__then_handles_quantum_and_unbounded ... ok
test cpp__test_drain_thread__DrainThreadUnit__drain_thread__metrics_snapshot_with_null_target__then_no_crash ... ok
test cpp__test_drain_thread__DrainThreadUnit__drain_thread__process_single_lane__then_ring_returned_and_metrics_updated ... ok
test cpp__test_drain_thread__DrainThreadUnit__drain_thread__return_ring_override_success__then_short_circuits ... ok
test cpp__test_drain_thread__DrainThreadUnit__drain_thread__start_after_stop__then_returns_ealready ... ok
test cpp__test_drain_thread__DrainThreadUnit__drain_thread__start_and_stop_without_work__then_idle_metrics_increment ... ok
test cpp__test_drain_thread__DrainThreadUnit__drain_thread__start_double_invocation__then_second_call_is_noop ... ok
test cpp__test_drain_thread__DrainThreadUnit__drain_thread__start_thread_creation_failure__then_state_rolls_back ... ok
test cpp__test_drain_thread__DrainThreadUnit__drain_thread__start_while_stopping__then_returns_ealready ... ok
test cpp__test_drain_thread__DrainThreadUnit__drain_thread__start_with_invalid_state__then_returns_einval ... ok
test cpp__test_drain_thread__DrainThreadUnit__drain_thread__state_and_api_null_inputs__then_reports_errors ... ok
test cpp__test_drain_thread__DrainThreadUnit__drain_thread__stop_after_external_stop__then_join_error_is_propagated ... ok
test cpp__test_drain_thread__DrainThreadUnit__drain_thread__stop_stopped_thread_started__then_join_clears_flag ... ok
test cpp__test_drain_thread__DrainThreadUnit__drain_thread__stop_without_start__then_returns_success ... ok
test cpp__test_drain_thread__DrainThreadUnit__drain_thread__test_helpers_null_inputs__then_noops ... ok
test cpp__test_drain_thread__DrainThreadUnit__drain_thread__update_config_before_start__then_new_config_applied ... ok
test cpp__test_drain_thread__DrainThreadUnit__drain_thread__update_config_while_running__then_returns_busy ... ok
test cpp__test_drain_thread__DrainThreadUnit__drain_thread__update_config_while_stopping__then_returns_busy ... ok
test cpp__test_drain_thread__DrainThreadUnit__drain_thread__update_config_with_null__then_invalid_argument ... ok
test cpp__test_drain_thread__DrainThreadUnit__drain_thread__worker_null_argument__then_returns_null ... ok
test cpp__test_drain_thread_integration__DrainThreadIntegration__drain_thread__graceful_shutdown_during_activity__then_final_pass_completes_work ... ok
test cpp__test_drain_thread_integration__DrainThreadIntegration__drain_thread__multi_threaded_producers__then_all_rings_processed ... ok
test cpp__test_drain_thread_integration__DrainThreadIntegration__drain_thread__sustained_load_stability__then_metrics_monotonic ... ok
test cpp__test_drain_thread_integration__DrainThreadPerformance__drain_thread__high_throughput_load__then_exceeds_target ... ok
test cpp__test_drain_thread_integration__DrainThreadPerformance__drain_thread__idle_cpu_usage__then_below_threshold ... ok
test cpp__test_drain_thread_integration__DrainThreadPerformance__drain_thread__latency_under_burst__then_within_target ... ok
test cpp__test_drain_thread_integration__DrainThreadPerformance__drain_thread__memory_stability_over_restarts__then_rings_available ... ok
test cpp__test_dso_management__dso_management__add_and_list__then_visible__unit ... ok
test cpp__test_dso_management__dso_management__remove_by_base__then_removed__unit ... ok
test cpp__test_dso_management__dso_management__remove_by_handle__then_removed__unit ... ok
test cpp__test_exclude_list__exclude_list__create_and_destroy__then_ok__unit ... ok
test cpp__test_exclude_list__exclude_list__csv_add__then_contains_all_entries__unit ... ok
test cpp__test_exclude_list__exclude_list__defaults__then_contains_hotspots__unit ... ok
test cpp__test_exclude_list__exclude_list__hash_and_contains_hash__then_roundtrip__unit ... ok
test cpp__test_force_coverage__ForceCoverageTest__detail_lane_control__force_all_errors ... ok
test cpp__test_force_coverage__ForceCoverageTest__marking_policy__all_edge_cases ... ok
test cpp__test_hook_registry__hook_registry__different_modules__then_different_module_ids__unit ... ok
test cpp__test_hook_registry__hook_registry__register_symbol__then_stable_id__unit ... ok
test cpp__test_index_event_layout__m1_e1_i10__index_event_layout__then_expected_size__unit ... ok
test cpp__test_integration__IntegrationTest__PrerequisiteCheck ... ok
test cpp__test_integration__IntegrationTest__controller__spawn_and_attach__then_hooks_installed ... ok
test cpp__test_integration__IntegrationTest__controller__state_transitions__then_correct_sequence ... ok
test cpp__test_marking_policy__MarkingPolicyTest__null_inputs__then_safe_defaults ... ok
test cpp__test_integration__IntegrationTest__shared_memory__communication__then_events_transmitted ... ok
test cpp__test_integration__IntegrationTest__controller__statistics_collection__then_counters_increment ... ok
test cpp__test_marking_policy__MarkingPolicyTest__allocation_failure__nothrow_new_returns_null__then_create_fails ... ok
test cpp__test_marking_policy__MarkingPolicyTest__create__null_patterns__then_empty_policy ... ok
test cpp__test_marking_policy__MarkingPolicyTest__empty_pattern__skipped__then_pattern_count_zero ... ok
test cpp__test_marking_policy__MarkingPolicyTest__default_state__disabled__then_no_match ... ok
test cpp__test_marking_policy__MarkingPolicyTest__from_triggers__null_list__then_empty_policy ... ok
test cpp__test_marking_policy__MarkingPolicyTest__literal_pattern__exact_match__then_detected ... ok
test cpp__test_marking_policy__MarkingPolicyTest__literal_pattern__case_sensitive__then_no_match ... ok
test cpp__test_marking_policy__MarkingPolicyTest__literal_pattern__case_insensitive__then_matches ... ok
test cpp__test_marking_policy__MarkingPolicyTest__multiple_patterns__any_matches__then_detected ... ok
test cpp__test_marking_policy__MarkingPolicyTest__multiple_patterns__none_match__then_not_detected ... ok
test cpp__test_marking_policy__MarkingPolicyTest__pattern_count__reports_expected ... ok
test cpp__test_marking_policy__MarkingPolicyTest__regex_pattern__complex_pattern__then_matches_correctly ... ok
test cpp__test_marking_policy__MarkingPolicyTest__regex_pattern__invalid_regex__then_falls_back_to_literal ... ok
test cpp__test_marking_policy__MarkingPolicyTest__regex_pattern__probe_without_message__then_no_match ... ok
test cpp__test_marking_policy__MarkingPolicyTest__regex_pattern__valid_regex__then_matches ... ok
test cpp__test_marking_policy__MarkingPolicyTest__symbol_pattern__module_case_insensitive__then_detected ... ok
test cpp__test_marking_policy__MarkingPolicyTest__symbol_pattern__module_mismatch__then_not_detected ... ok
test cpp__test_marking_policy__MarkingPolicyTest__symbol_pattern__probe_missing_module__then_not_detected ... ok
test cpp__test_marking_policy__MarkingPolicyTest__symbol_pattern__regex_case_insensitive__then_detected ... ok
test cpp__test_marking_policy__MarkingPolicyTest__triggers__mixed_entries__then_rules_generated ... ok
test cpp__test_metrics_coverage__AdaThreadCoverage__RegisterThreadFailure ... ok
test cpp__test_metrics_coverage__DrainThreadCoverage__MetricsIntegration ... ok
test cpp__test_metrics_coverage__GlobalMetricsCoverageTest__CalculateSwapRateEdgeCases ... ok
test cpp__test_metrics_coverage__GlobalMetricsCoverageTest__CollectionDisabled ... ok
test cpp__test_metrics_coverage__GlobalMetricsCoverageTest__CollectionErrorScenarios ... ok
test cpp__test_metrics_coverage__GlobalMetricsCoverageTest__GlobalMetricsErrorPaths ... ok
test cpp__test_metrics_coverage__MacroCoverage__MetricsWindowNsDefined ... ok
test cpp__test_metrics_coverage__RateCalculatorCoverage__EdgeCases ... ok
test cpp__test_metrics_coverage__RingPoolCoverage__MetricsRecordingOnDrop ... ok
test cpp__test_metrics_coverage__ThreadMetricsCoverageTest__InlineFunctionsWithNull ... ok
test cpp__test_metrics_coverage__ThreadMetricsCoverageTest__InlineFunctionsWithValidMetrics ... ok
test cpp__test_metrics_coverage__ThreadMetricsCoverageTest__ThreadMetricsErrorPaths ... ok
test cpp__test_metrics_coverage__ThreadRegistryCoverage__AccessorFunctions ... ok
test cpp__test_metrics_coverage__ThreadRegistryPrivateCoverage__InlineFunctions ... ok
test cpp__test_metrics_integration__MetricsTaskIntegration__GlobalMetricsCollect__observesQueueDepthAndSwapRates__thenAggregates ... ok
test cpp__test_metrics_integration__MetricsTaskIntegration__MetricsReporter__managesRealtimeIntervals__thenEmitsSummary ... ok
test cpp__test_metrics_reporter__MetricsFormatter__FormatsHumanReadableAndJson ... ok
test cpp__test_metrics_reporter__MetricsFormatter__NullInputsReturnFalse ... ok
test cpp__test_metrics_reporter__MetricsFormatter__UnknownKindAndEmptySnapshots ... ok
test cpp__test_metrics_reporter__MetricsReporter__CreateValidatesConfigAndStopWithoutStart ... ok
test cpp__test_metrics_reporter__MetricsReporter__ForceReportWhilePaused ... ok
test cpp__test_metrics_reporter__MetricsReporter__JsonOutputAndIntervalControls ... ok
test cpp__test_metrics_reporter__MetricsReporter__StopProducesSummary ... ok
test cpp__test_offsets_materialization__OffsetsMaterializationTest__offsets__layout_materialization__usable ... ok
test cpp__test_offsets_materialization__OffsetsMaterializationTest__offsets__raw_helpers__roundtrip_works ... ok
test cpp__test_offsets_materialization__OffsetsMaterializationTest__offsets__ring_attach_and_roundtrip__works ... ok
test cpp__test_per_thread_drain__PerThreadDrainTest__DrainIterator__computes_throughput__then_meets_target ... ok
test cpp__test_per_thread_drain__PerThreadDrainTest__DrainIterator__handles_thread_deregistration_final_pass__then_preserves_metrics ... ok
test cpp__test_per_thread_drain__PerThreadDrainTest__DrainIterator__increments_consecutive_empty_when_skipped__then_counts ... ok
test cpp__test_per_thread_drain__PerThreadDrainTest__DrainIterator__increments_iteration_counter__then_advances ... ok
test cpp__test_per_thread_drain__PerThreadDrainTest__DrainIterator__initializes_configuration__then_applies_limits ... ok
test cpp__test_per_thread_drain__PerThreadDrainTest__DrainIterator__limits_events_per_thread__then_caps_drain_amount ... ok
test cpp__test_per_thread_drain__PerThreadDrainTest__DrainIterator__limits_threads_per_cycle__then_caps_iteration ... ok
test cpp__test_per_thread_drain__PerThreadDrainTest__DrainIterator__maintains_active_thread_count__then_matches_capacity ... ok
test cpp__test_per_thread_drain__PerThreadDrainTest__DrainIterator__resets_consecutive_empty_when_work_done__then_zeroes_counter ... ok
test cpp__test_per_thread_drain__PerThreadDrainTest__DrainIterator__supports_non_blocking_acquisition__then_completes_under_timeout ... ok
test cpp__test_per_thread_drain__PerThreadDrainTest__DrainIterator__supports_thread_registration_during_iteration__then_handles_new_state ... ok
test cpp__test_per_thread_drain__PerThreadDrainTest__DrainIterator__tracks_threads_processed__then_updates_metrics ... ok
test cpp__test_per_thread_drain__PerThreadDrainTest__DrainIterator__tracks_threads_skipped__then_counts_idle_threads ... ok
test cpp__test_per_thread_drain__PerThreadDrainTest__DrainIterator__updates_fairness_after_iteration__then_sets_index ... ok
test cpp__test_per_thread_drain__PerThreadDrainTest__DrainIterator__updates_last_iteration_time__then_sets_timestamp ... ok
test cpp__test_per_thread_drain__PerThreadDrainTest__DrainMetrics__captures_fairness_index__then_matches_iterator ... ok
test cpp__test_per_thread_drain__PerThreadDrainTest__DrainMetrics__captures_thread_activity__then_updatesCounts ... ok
test cpp__test_per_thread_drain__PerThreadDrainTest__DrainMetrics__captures_throughput_metrics__then_positive ... ok
test cpp__test_per_thread_drain__PerThreadDrainTest__DrainMetrics__captures_total_events_and_bytes__then_matchesCounts ... ok
test cpp__test_per_thread_drain__PerThreadDrainTest__DrainMetrics__captures_total_iterations__then_matches ... ok
test cpp__test_per_thread_drain__PerThreadDrainTest__DrainMetrics__cpu_usage_remains_below_threshold__then_low ... ok
test cpp__test_per_thread_drain__PerThreadDrainTest__DrainMetrics__initializes_zero__then_defaults ... ok
test cpp__test_per_thread_drain__PerThreadDrainTest__DrainMetrics__max_thread_wait_defaults_zero__then_no_wait_recorded ... ok
test cpp__test_per_thread_drain__PerThreadDrainTest__DrainScheduler__credit_capacity_matches_registry__then_bounds_array ... ok
test cpp__test_per_thread_drain__PerThreadDrainTest__DrainScheduler__credit_increment_increases_selected_thread__then_updates_credits ... ok
test cpp__test_per_thread_drain__PerThreadDrainTest__DrainScheduler__credit_increment_respects_custom_value__then_applies ... ok
test cpp__test_per_thread_drain__PerThreadDrainTest__DrainScheduler__fair_selection_prefers_heaviest_thread__then_returns_expected ... ok
test cpp__test_per_thread_drain__PerThreadDrainTest__DrainScheduler__fair_selection_skips_idle_threads__then_returns_valid ... ok
test cpp__test_per_thread_drain__PerThreadDrainTest__DrainScheduler__round_robin_cursor_initializes__then_starts_invalid ... ok
test cpp__test_per_thread_drain__PerThreadDrainTest__DrainScheduler__round_robin_fallback_when_disabled__then_iterator_not_enabled ... ok
test cpp__test_per_thread_drain__PerThreadDrainTest__DrainScheduler__selection_does_not_block__then_returns_immediately ... ok
test cpp__test_per_thread_drain__PerThreadDrainTest__DrainScheduler__selection_handles_high_thread_count__then_returns_valid_index ... ok
test cpp__test_per_thread_drain__PerThreadDrainTest__DrainScheduler__total_credits_accumulate__then_tracks_budget ... ok
test cpp__test_per_thread_drain__PerThreadDrainTest__DrainScheduler__update_priority_handles_high_throughput__then_no_crash ... ok
test cpp__test_per_thread_drain__PerThreadDrainTest__DrainScheduler__update_priority_handles_latency__then_no_crash ... ok
test cpp__test_per_thread_drain__PerThreadDrainTest__FairnessAlgorithm__balanced_workload__then_fairness_above_point_nine ... ok
test cpp__test_per_thread_drain__PerThreadDrainTest__FairnessAlgorithm__cpu_usage_goal__then_below_five_percent ... ok
test cpp__test_per_thread_drain__PerThreadDrainTest__FairnessAlgorithm__credits_shift_selection_to_starved_thread__then_rotates ... ok
test cpp__test_per_thread_drain__PerThreadDrainTest__FairnessAlgorithm__fairness_recomputed_periodically__then_resets_index ... ok
test cpp__test_per_thread_drain__PerThreadDrainTest__FairnessAlgorithm__fairness_snapshot_consistent__then_matches_metrics ... ok
test cpp__test_per_thread_drain__PerThreadDrainTest__FairnessAlgorithm__max_latency_below_target__then_under_ten_ms ... ok
test cpp__test_per_thread_drain__PerThreadDrainTest__FairnessAlgorithm__throughput_target_met__then_exceeds_one_million ... ok
test cpp__test_per_thread_drain__PerThreadDrainTest__FairnessAlgorithm__uneven_workload_with_limits__then_fairness_above_threshold ... ok
test cpp__test_per_thread_drain__PerThreadDrainTest__SubmitQueueCoordination__active_count_reflects_registration__then_updates ... ok
test cpp__test_per_thread_drain__PerThreadDrainTest__SubmitQueueCoordination__detail_lane_submission__then_cycle_drains_ring ... ok
test cpp__test_per_thread_drain__PerThreadDrainTest__SubmitQueueCoordination__final_cycle_drains_remaining_work__then_handles_shutdown ... ok
test cpp__test_per_thread_drain__PerThreadDrainTest__SubmitQueueCoordination__index_lane_submission__then_cycle_drains_ring ... ok
test cpp__test_per_thread_drain__PerThreadDrainTest__SubmitQueueCoordination__multiple_submissions__then_metrics_track_total_rings ... ok
test cpp__test_per_thread_drain__PerThreadDrainTest__SubmitQueueCoordination__non_blocking_ring_acquisition__then_fast ... ok
test cpp__test_per_thread_drain__PerThreadDrainTest__SubmitQueueCoordination__return_ring_to_producer__then_available_again ... ok
test cpp__test_per_thread_drain__PerThreadDrainTest__SubmitQueueCoordination__ring_reuse_after_cycle__then_submit_succeeds ... ok
test cpp__test_per_thread_drain__PerThreadDrainTest__SubmitQueueCoordination__round_robin_cursor_advances__then_rotates_threads ... ok
test cpp__test_per_thread_drain__PerThreadDrainTest__SubmitQueueCoordination__thread_registration__then_lanes_available ... ok
test cpp__test_per_thread_drain__PerThreadDrainTest__ThreadDrainState__avg_latency_not_exceeding_max__then_consistent ... ok
test cpp__test_per_thread_drain__PerThreadDrainTest__ThreadDrainState__bytes_drained_matches_event_multiple__then_consistent ... ok
test cpp__test_per_thread_drain__PerThreadDrainTest__ThreadDrainState__consecutive_empty_increments_without_work__then_positive ... ok
test cpp__test_per_thread_drain__PerThreadDrainTest__ThreadDrainState__consecutive_empty_resets_with_work__then_zero ... ok
test cpp__test_per_thread_drain__PerThreadDrainTest__ThreadDrainState__detail_marked_reduces_after_drain__then_decrements ... ok
test cpp__test_per_thread_drain__PerThreadDrainTest__ThreadDrainState__events_drained_accumulates__then_totalsIncrease ... ok
test cpp__test_per_thread_drain__PerThreadDrainTest__ThreadDrainState__initial_priority__then_equals_default ... ok
test cpp__test_per_thread_drain__PerThreadDrainTest__ThreadDrainState__last_drain_time_monotonic__then_increases ... ok
test cpp__test_per_thread_drain__PerThreadDrainTest__ThreadDrainState__last_drain_time_updates_when_drained__then_nonzero ... ok
test cpp__test_per_thread_drain__PerThreadDrainTest__ThreadDrainState__total_drain_time_accumulates__then_positive ... ok
test cpp__test_registry_bench__registry_bench__steady_state__throughput_equal_baseline__bench ... ok
test cpp__test_registry_bench__registry_bench__warmup_window__under_target__bench ... ok
test cpp__test_registry_lifecycle__registry_lifecycle__attach__warmup_to_steady__then_events_captured__integration ... ok
test cpp__test_ring_buffer__RingBufferTest__ring_buffer__fill_and_drain__then_handles_capacity_correctly ... ok
test cpp__test_registry_lifecycle__registry_lifecycle__epoch_roll__then_agent_re_warm__integration ... ok
test cpp__test_registry_lifecycle__registry_lifecycle__induced_stall__then_fallback_and_recovery__integration ... ok
test cpp__test_ring_buffer__CapacityTests_RingBufferSizeTest__ring_buffer__various_capacities__then_create_success_Capacity1 ... ok
test cpp__test_ring_buffer__CapacityTests_RingBufferSizeTest__ring_buffer__various_capacities__then_create_success_Capacity10 ... ok
test cpp__test_ring_buffer__CapacityTests_RingBufferSizeTest__ring_buffer__various_capacities__then_create_success_Capacity100 ... ok
test cpp__test_ring_buffer__CapacityTests_RingBufferSizeTest__ring_buffer__various_capacities__then_create_success_Capacity1000 ... ok
test cpp__test_ring_buffer__RingBufferPerf__ring_buffer__latency_smoke__p99_under_budget ... ok
test cpp__test_ring_buffer__CapacityTests_RingBufferSizeTest__ring_buffer__various_capacities__then_create_success_Capacity10000 ... ok
test cpp__test_ring_buffer__RingBufferPerf__ring_buffer__throughput_smoke__then_reasonable ... ok
test cpp__test_ring_buffer__RingBufferTest__ring_buffer__batch_operations__then_efficient_transfer ... ok
test cpp__test_ring_buffer__RingBufferTest__ring_buffer__concurrent_writes__then_preserve_order ... ok
test cpp__test_ring_buffer__RingBufferTest__ring_buffer__create_with_valid_memory__then_returns_valid_buffer ... ok
test cpp__test_ring_buffer__RingBufferTest__ring_buffer__header_alignment__then_no_false_sharing ... ok
test cpp__test_ring_buffer__RingBufferTest__ring_buffer__null_pointer__then_return_error ... ok
test cpp__test_ring_buffer__RingBufferTest__ring_buffer__short_stress__then_stable ... ok
test cpp__test_ring_buffer__RingBufferTest__ring_buffer__write_single_event__then_event_preserved ... ok
test cpp__test_ring_buffer_attach__RingBufferAttachTest__ring_buffer__attach_invalid_magic__then_return_null ... ok
test cpp__test_ring_buffer_attach__RingBufferAttachTest__ring_buffer__attach_to_existing__then_preserve_data ... ok
test cpp__test_ring_buffer_attach__RingBufferAttachTest__ring_buffer__concurrent_attach_and_write__then_both_succeed ... ok
test cpp__test_ring_pool_swap__RingPoolSwap__ring_pool__detail_mark__then_visible ... ok
test cpp__test_ring_pool_swap__RingPoolSwap__ring_pool__exhaustion__then_drop_oldest_and_recover_capacity ... ok
test cpp__test_ring_pool_swap__RingPoolSwap__ring_pool__exhaustion_no_oldest__then_handle_returns_false ... ok
test cpp__test_ring_pool_swap__RingPoolSwap__ring_pool__fallback_no_alternative__then_swap_fails ... ok
test cpp__test_ring_pool_swap__RingPoolSwap__ring_pool__swap_and_submit__then_drain_receives_old ... ok
test cpp__test_selective_persistence_integration__SelectivePersistenceIntegrationTest__full_cycle__metadata_persisted__then_accessible ... ok
test cpp__test_selective_persistence_integration__SelectivePersistenceIntegrationTest__symbol_regex_case_insensitive__then_dump_generated ... ok
test cpp__test_selective_persistence_integration__SelectivePersistenceIntegrationTest__window_wrappers__multi_cycle__then_metrics_consistent ... ok
test cpp__test_selective_persistence_support__SelectivePersistenceMetricsTest__dump_success_ratio__no_activity__then_zero ... ok
test cpp__test_selective_persistence_support__SelectivePersistenceMetricsTest__dump_success_ratio__only_discards__then_zero ... ok
test cpp__test_selective_persistence_support__SelectivePersistenceMetricsTest__dump_success_ratio__with_activity__then_fractional_value ... ok
test cpp__test_selective_persistence_support__SelectivePersistenceMetricsTest__estimated_overhead__avg_events_without_windows__then_zero ... ok
test cpp__test_selective_persistence_support__SelectivePersistenceMetricsTest__estimated_overhead__balanced_activity__then_fractional_value ... ok
test cpp__test_selective_persistence_support__SelectivePersistenceMetricsTest__estimated_overhead__clamped_to_one__then_expected ... ok
test cpp__test_selective_persistence_support__SelectivePersistenceMetricsTest__estimated_overhead__no_windows__then_zero ... ok
test cpp__test_selective_persistence_support__SelectivePersistenceMetricsTest__mark_rate__marks_exceed_events__then_ratio_greater_than_one ... ok
test cpp__test_selective_persistence_support__SelectivePersistenceMetricsTest__mark_rate__no_events__then_zero ... ok
test cpp__test_selective_persistence_support__SelectivePersistenceMetricsTest__mark_rate__with_events__then_fractional_value ... ok
test cpp__test_selective_persistence_support__SelectivePersistenceMetricsTest__reset__null_pointer__then_no_crash ... ok
test cpp__test_selective_persistence_support__SelectivePersistenceMetricsTest__reset__populated_metrics__then_zeroed ... ok
test cpp__test_selective_persistence_support__SelectivePersistenceWindowTest__reset__null_pointer__then_no_crash ... ok
test cpp__test_selective_persistence_support__SelectivePersistenceWindowTest__reset__populated_window__then_zeroed ... ok
test cpp__test_shared_memory__SharedMemoryTest__shared_memory__concurrent_access__then_data_integrity ... ok
test cpp__test_shared_memory__SharedMemoryTest__shared_memory__create_unique__then_valid_segment ... ok
test cpp__test_shared_memory__SharedMemoryTest__shared_memory__destroy_then_recreate__then_success ... ok
test cpp__test_shared_memory__SharedMemoryTest__shared_memory__different_sessions__then_isolated ... ok
test cpp__test_shared_memory__SharedMemoryTest__shared_memory__multiple_roles__then_independent_segments ... ok
test cpp__test_shared_memory__SharedMemoryTest__shared_memory__open_existing__then_access_same_memory ... ok
test cpp__test_shared_memory__SharedMemoryTest__shared_memory__write_and_read__then_data_preserved ... ok
test cpp__test_shared_memory__SharedMemoryTest__shared_memory__zero_size__then_creation_fails ... ok
test cpp__test_shared_memory__SizeTests_SharedMemorySizeTest__shared_memory__various_sizes__then_create_success_Size1KB ... ok
test cpp__test_shared_memory__SizeTests_SharedMemorySizeTest__shared_memory__various_sizes__then_create_success_Size1MB ... ok
test cpp__test_shared_memory__SizeTests_SharedMemorySizeTest__shared_memory__various_sizes__then_create_success_Size32MB ... ok
test cpp__test_shared_memory__SizeTests_SharedMemorySizeTest__shared_memory__various_sizes__then_create_success_Size4KB ... ok
test cpp__test_shared_memory__SizeTests_SharedMemorySizeTest__shared_memory__various_sizes__then_create_success_Size64KB ... ok
test cpp__test_shm_directory__shm_directory__attach_map__then_local_bases_built__unit ... ok
test cpp__test_shm_directory__shm_directory__materialize_index__then_write_read_raw__unit ... ok
test cpp__test_shm_directory__shm_directory__published__then_indices_stable__unit ... ok
test cpp__test_signal_shutdown__ShutdownManagerDrainTest__drain_wait__already_stopped__then_returns_immediately ... ok
test cpp__test_signal_shutdown__ShutdownManagerDrainTest__drain_wait__no_stop_drain_op__then_still_waits ... ok
test cpp__test_signal_shutdown__ShutdownManagerDrainTest__drain_wait__uninitialized_state__then_returns_immediately ... ok
test cpp__test_signal_shutdown__ShutdownManagerFileSyncTest__file_sync__both_files_valid__then_syncs_both ... ok
test cpp__test_signal_shutdown__ShutdownManagerFileSyncTest__file_sync__fsync_failures__then_counts_only_successful ... ok
test cpp__test_signal_shutdown__ShutdownManagerFileSyncTest__file_sync__invalid_events_fd__then_skips_events_file ... ok
test cpp__test_signal_shutdown__ShutdownManagerFileSyncTest__file_sync__manifest_enabled_invalid_path__then_skips_manifest ... ok
test cpp__test_signal_shutdown__ShutdownManagerFileSyncTest__file_sync__manifest_enabled_no_fp__then_opens_and_syncs_manifest ... ok
test cpp__test_signal_shutdown__ShutdownManagerFileSyncTest__file_sync__manifest_fp_open__then_syncs_manifest_file ... ok
test cpp__test_signal_shutdown__ShutdownManagerFileSyncTest__file_sync__no_atf_writer__then_syncs_zero_files ... ok
test cpp__test_signal_shutdown__ShutdownManagerFileSyncTest__file_sync__no_drain_thread__then_syncs_zero_files ... ok
test cpp__test_signal_shutdown__ShutdownManagerFileSyncTest__file_sync__valid_events_fd__then_syncs_events_file ... ok
test cpp__test_signal_shutdown__ShutdownManagerSummaryTest__AC_shutdownSummary_printsExpectedMetrics ... ok
test cpp__test_signal_shutdown__ShutdownManagerTest__SigintTriggersShutdown ... ok
test cpp__test_signal_shutdown__ShutdownManagerTest__SignalHandlerInstall ... ok
test cpp__test_signal_shutdown__ShutdownManagerTest__duration_calculation__negative_time__then_returns_zero ... ok
test cpp__test_signal_shutdown__ShutdownManagerTest__events_in_flight_calculation__excessive_capacity__then_caps_correctly ... ok
test cpp__test_signal_shutdown__ShutdownManagerTest__multiple_rapid_shutdown_requests__then_handles_gracefully ... ok
test cpp__test_signal_shutdown__ShutdownManagerTest__shutdown_initiate__global_manager_set__then_requests_shutdown ... ok
test cpp__test_signal_shutdown__ShutdownManagerTest__shutdown_initiate__no_global_manager__then_returns_safely ... ok
test cpp__test_signal_shutdown__ShutdownManagerTest__shutdown_manager_execute__already_complete__then_returns_early ... ok
test cpp__test_signal_shutdown__ShutdownManagerTest__shutdown_manager_execute__clock_gettime_fails__then_continues_without_timestamp ... ok
test cpp__test_signal_shutdown__ShutdownManagerTest__shutdown_manager_execute__no_shutdown_requested__then_returns_early ... ok
test cpp__test_signal_shutdown__ShutdownManagerTest__shutdown_manager_execute__null_manager__then_returns_safely ... ok
test cpp__test_signal_shutdown__ShutdownManagerTest__shutdown_manager_get_last_reason__no_reason__then_returns_none ... ok
test cpp__test_signal_shutdown__ShutdownManagerTest__shutdown_manager_get_last_reason__null_manager__then_returns_none ... ok
test cpp__test_signal_shutdown__ShutdownManagerTest__shutdown_manager_get_last_signal__no_signal__then_returns_zero ... ok
test cpp__test_signal_shutdown__ShutdownManagerTest__shutdown_manager_get_last_signal__null_manager__then_returns_zero ... ok
test cpp__test_signal_shutdown__ShutdownManagerTest__shutdown_manager_get_phase__initialized_manager__then_returns_idle ... ok
test cpp__test_signal_shutdown__ShutdownManagerTest__shutdown_manager_get_phase__null_manager__then_returns_idle ... ok
test cpp__test_signal_shutdown__ShutdownManagerTest__shutdown_manager_get_request_count__no_requests__then_returns_zero ... ok
test cpp__test_signal_shutdown__ShutdownManagerTest__shutdown_manager_get_request_count__null_manager__then_returns_zero ... ok
test cpp__test_signal_shutdown__ShutdownManagerTest__shutdown_manager_init__null_manager__then_returns_einval ... ok
test cpp__test_signal_shutdown__ShutdownManagerTest__shutdown_manager_init__null_ops__then_uses_defaults ... ok
test cpp__test_signal_shutdown__ShutdownManagerTest__shutdown_manager_init__state_with_zero_capacity__then_reinitializes_state ... ok
test cpp__test_signal_shutdown__ShutdownManagerTest__shutdown_manager_init__valid_params__then_initializes_correctly ... ok
test cpp__test_signal_shutdown__ShutdownManagerTest__shutdown_manager_is_shutdown_complete__not_complete__then_returns_false ... ok
test cpp__test_signal_shutdown__ShutdownManagerTest__shutdown_manager_is_shutdown_complete__null_manager__then_returns_false ... ok
test cpp__test_signal_shutdown__ShutdownManagerTest__shutdown_manager_is_shutdown_requested__not_requested__then_returns_false ... ok
test cpp__test_signal_shutdown__ShutdownManagerTest__shutdown_manager_is_shutdown_requested__null_manager__then_returns_false ... ok
test cpp__test_signal_shutdown__ShutdownManagerTest__shutdown_manager_is_shutdown_requested__requested__then_returns_true ... ok
test cpp__test_signal_shutdown__ShutdownManagerTest__shutdown_manager_print_summary__no_drain_thread__then_prints_zeros ... ok
test cpp__test_signal_shutdown__ShutdownManagerTest__shutdown_manager_print_summary__null_manager__then_returns_safely ... ok
test cpp__test_signal_shutdown__ShutdownManagerTest__shutdown_manager_register_global__null_manager__then_sets_null ... ok
test cpp__test_signal_shutdown__ShutdownManagerTest__shutdown_manager_register_global__valid_manager__then_sets_global ... ok
test cpp__test_signal_shutdown__ShutdownManagerTest__shutdown_manager_request_shutdown__first_request__then_returns_true ... ok
test cpp__test_signal_shutdown__ShutdownManagerTest__shutdown_manager_request_shutdown__null_manager__then_returns_false ... ok
test cpp__test_signal_shutdown__ShutdownManagerTest__shutdown_manager_request_shutdown__subsequent_request__then_returns_false ... ok
test cpp__test_signal_shutdown__ShutdownManagerTest__shutdown_manager_request_shutdown__with_timer_cancel__then_calls_cancel ... ok
test cpp__test_signal_shutdown__ShutdownManagerTest__shutdown_manager_reset__initialized_manager__then_resets_state ... ok
test cpp__test_signal_shutdown__ShutdownManagerTest__shutdown_manager_reset__null_manager__then_returns_safely ... ok
test cpp__test_signal_shutdown__ShutdownManagerTest__shutdown_manager_set_drain_thread__null_manager__then_returns_safely ... ok
test cpp__test_signal_shutdown__ShutdownManagerTest__shutdown_manager_set_drain_thread__valid_params__then_sets_drain ... ok
test cpp__test_signal_shutdown__ShutdownManagerTest__shutdown_manager_set_ops__null_cancel_timer__then_uses_default ... ok
test cpp__test_signal_shutdown__ShutdownManagerTest__shutdown_manager_set_ops__null_manager__then_returns_safely ... ok
test cpp__test_signal_shutdown__ShutdownManagerTest__shutdown_manager_set_ops__null_ops__then_uses_defaults ... ok
test cpp__test_signal_shutdown__ShutdownManagerTest__shutdown_manager_set_ops__valid_params__then_sets_ops ... ok
test cpp__test_signal_shutdown__ShutdownManagerTest__shutdown_manager_set_registry__null_manager__then_returns_safely ... ok
test cpp__test_signal_shutdown__ShutdownManagerTest__shutdown_manager_set_registry__valid_params__then_sets_registry ... ok
test cpp__test_signal_shutdown__ShutdownManagerTest__shutdown_manager_set_wakeup_fds__null_manager__then_returns_safely ... ok
test cpp__test_signal_shutdown__ShutdownManagerTest__shutdown_manager_set_wakeup_fds__valid_params__then_sets_fds ... ok
test cpp__test_signal_shutdown__ShutdownManagerTest__shutdown_manager_signal_wakeup__invalid_fd__then_returns_safely ... ok
test cpp__test_signal_shutdown__ShutdownManagerTest__shutdown_manager_signal_wakeup__null_manager__then_returns_safely ... ok
test cpp__test_signal_shutdown__ShutdownManagerTest__shutdown_manager_signal_wakeup__valid_fd__then_writes_value ... ok
test cpp__test_signal_shutdown__ShutdownManagerTest__shutdown_manager_unregister_global__then_clears_global ... ok
test cpp__test_signal_shutdown__ShutdownManagerTest__shutdown_state_init__excessive_capacity__then_uses_max_threads ... ok
test cpp__test_signal_shutdown__ShutdownManagerTest__shutdown_state_init__null_state__then_returns_safely ... ok
test cpp__test_signal_shutdown__ShutdownManagerTest__shutdown_state_init__valid_capacity__then_initializes_correctly ... ok
test cpp__test_signal_shutdown__ShutdownManagerTest__shutdown_state_init__zero_capacity__then_uses_max_threads ... ok
test cpp__test_signal_shutdown__ShutdownManagerTest__shutdown_state_mark_active__already_active_slot__then_resets_flags ... ok
test cpp__test_signal_shutdown__ShutdownManagerTest__shutdown_state_mark_active__null_state__then_returns_safely ... ok
test cpp__test_signal_shutdown__ShutdownManagerTest__shutdown_state_mark_active__slot_out_of_bounds__then_returns_safely ... ok
test cpp__test_signal_shutdown__ShutdownManagerTest__shutdown_state_mark_active__valid_slot__then_marks_active ... ok
test cpp__test_signal_shutdown__ShutdownManagerTest__shutdown_state_mark_inactive__active_slot__then_marks_inactive ... ok
test cpp__test_signal_shutdown__ShutdownManagerTest__shutdown_state_mark_inactive__already_inactive_slot__then_no_change ... ok
test cpp__test_signal_shutdown__ShutdownManagerTest__shutdown_state_mark_inactive__null_state__then_returns_safely ... ok
test cpp__test_signal_shutdown__ShutdownManagerTest__shutdown_state_mark_inactive__slot_out_of_bounds__then_returns_safely ... ok
test cpp__test_signal_shutdown__ShutdownManagerTest__shutdown_state_record_pending__null_state__then_returns_safely ... ok
test cpp__test_signal_shutdown__ShutdownManagerTest__shutdown_state_record_pending__slot_out_of_bounds__then_returns_safely ... ok
test cpp__test_signal_shutdown__ShutdownManagerTest__shutdown_state_record_pending__valid_slot__then_records_pending ... ok
test cpp__test_signal_shutdown__ShutdownManagerTest__signal_handler_count_increments__then_tracks_signals ... ok
test cpp__test_signal_shutdown__ShutdownManagerTest__signal_handler_init__null_handler__then_returns_einval ... ok
test cpp__test_signal_shutdown__ShutdownManagerTest__signal_handler_init__valid_params__then_initializes_correctly ... ok
test cpp__test_signal_shutdown__ShutdownManagerTest__signal_handler_install__null_handler__then_returns_einval ... ok
test cpp__test_signal_shutdown__ShutdownManagerTest__signal_handler_install__valid_handler__then_installs_handlers ... ok
test cpp__test_signal_shutdown__ShutdownManagerTest__signal_handler_uninstall__installed_handler__then_uninstalls ... ok
test cpp__test_signal_shutdown__ShutdownManagerTest__signal_handler_uninstall__not_installed__then_returns_safely ... ok
test cpp__test_signal_shutdown__ShutdownManagerTest__signal_handler_uninstall__null_handler__then_returns_safely ... ok
test cpp__test_signal_shutdown__ShutdownManagerTest__signal_handler_without_global_manager__then_uses_handler_manager ... ok
test cpp__test_signal_shutdown__ShutdownManagerTest__signal_with_no_handlers__then_does_nothing ... ok
test cpp__test_signal_shutdown__ShutdownManagerTest__sigterm_triggers_shutdown ... ok
test cpp__test_signal_shutdown__ShutdownManagerTest__state_manipulation_after_shutdown__then_behaves_correctly ... ok
test cpp__test_spawn_method__SpawnMethodTest__controller__double_resume_prevention__then_logic_verified ... ok
test cpp__test_spawn_method__SpawnMethodTest__controller__spawn_attach_resume__then_process_runs ... ok
test cpp__test_spawn_method__SpawnMethodTest__controller__state_tracking__then_transitions_correctly ... ok
test cpp__test_thread_metrics__MetricsTaskGlobalMetrics__SetInterval__thenIgnoresZero ... ok
test cpp__test_spsc_queue__SpscQueue__spsc__basic_push_pop__then_fifo ... ok
test cpp__test_spsc_queue__SpscQueue__spsc__concurrent_producer_consumer__then_progress ... ok
test cpp__test_spsc_queue__SpscQueue__spsc__is_full__then_detects_capacity_minus_one ... ok
test cpp__test_spsc_queue__SpscQueue__spsc__size_estimate__then_matches_push_pop_and_wrap ... ok
test cpp__test_spsc_queue__SpscQueue__spsc__wraparound__then_correct_indices ... ok
test cpp__test_thread_metrics__GlobalMetrics__CollectAggregatesCounters ... ok
test cpp__test_thread_metrics__MetricsTaskGlobalMetrics__Collect__limitedCapacity__thenTruncatesSnapshots ... ok
test cpp__test_thread_metrics__MetricsTaskGlobalMetrics__Collect__noThreads__thenResetsRates ... ok
test cpp__test_thread_metrics__MetricsTaskGlobalMetrics__Collect__nullInputs__thenReturnsFalse ... ok
test cpp__test_thread_metrics__MetricsTaskGlobalMetrics__Collect__thenHonorsDisableAndTiming ... ok
test cpp__test_thread_metrics__MetricsTaskGlobalMetrics__InitValidation__thenRejectsBadArgs ... ok
test cpp__test_thread_metrics__MetricsTaskGlobalMetrics__Reset__thenRestoresDefaults ... ok
test cpp__test_thread_metrics__MetricsTaskGlobalMetrics__SnapshotHelpers__nullInputs__thenSafeDefaults ... ok
test cpp__test_thread_metrics__MetricsTaskRateCalculator__EvictsSamplesOutsideWindow__thenMaintainsBoundedHistory ... ok
test cpp__test_thread_metrics__MetricsTaskRateCalculator__NonMonotonicTimestamp__thenProducesZeroRates ... ok
test cpp__test_thread_metrics__MetricsTaskRateCalculator__NullMetrics__thenReturnsDefaultResult ... ok
test cpp__test_thread_metrics__MetricsTaskThreadMetricsSnapshot__CaptureZeroTotals__thenDropRateZero ... ok
test cpp__test_thread_metrics__MetricsTaskThreadMetricsSnapshot__Capture__thenPopulatesDerivedFields ... ok
test cpp__test_thread_metrics__MetricsTaskThreadMetricsSnapshot__NullInputs__thenNoCrash ... ok
test cpp__test_thread_metrics__MetricsTaskThreadMetrics__ObserveQueueDepth__thenTracksMaximum ... ok
test cpp__test_thread_metrics__MetricsTaskThreadMetrics__RecordEventsWrittenBulk__thenSelectiveIncrements ... ok
test cpp__test_thread_metrics__MetricsTaskThreadMetrics__RecordPressureSignals__thenCountersIncrement ... ok
test cpp__test_thread_metrics__MetricsTaskThreadMetrics__Reset__thenZeroesAllState ... ok
test cpp__test_thread_metrics__MetricsTaskThreadMetrics__SwapEnd__withOutOfOrderTimestamp__thenClampsDuration ... ok
test cpp__test_thread_metrics__MetricsTaskThreadMetrics__UpdateRate__nullMetrics__thenNoCrash ... ok
test cpp__test_thread_metrics__ThreadMetrics__InitZeroesCounters ... ok
test cpp__test_thread_metrics__ThreadMetrics__RecordEventWrittenUpdatesCounters ... ok
test cpp__test_thread_metrics__ThreadMetrics__SwapEndUpdatesDuration ... ok
test cpp__test_thread_metrics__ThreadMetrics__UpdateRateMaintainsSlidingWindow ... ok
test cpp__test_thread_pools__ThreadPools__thread_pools__create_and_getters__then_index_and_detail_non_null ... ok
test cpp__test_thread_pools__ThreadPools__thread_pools__null_inputs__then_create_and_getters_null ... ok
test cpp__test_thread_pools__ThreadPools__thread_pools__ring_pool_create_detail_fails__then_index_destroyed_and_null_return ... ok
test cpp__test_thread_pools__ThreadPools__thread_pools__ring_pool_create_index_fails__then_detail_destroyed_and_null_return ... ok
test cpp__test_thread_registration_tls__ADATLS__reentrancy_guard__enter_exit__tracks_depth ... ok
test cpp__test_thread_registration_tls__ADATLS__tls_state__uninitialized__then_all_fields_zero ... ok
test cpp__test_thread_registration_tls__RegistryFixture__ada_get_thread_lane__triggers_registration_and_caches ... ok
test cpp__test_thread_registration_tls__RegistryFixture__thread_registry__concurrent_registration__unique_pointers ... ok
test cpp__test_thread_registry__ThreadRegistryTest__free_queue__return_and_get__then_works ... ok
test cpp__test_thread_registry__ThreadRegistryTest__isolation__no_false_sharing__then_independent_performance ... ok
test cpp__test_thread_registry__ThreadRegistryTest__lane_mark_event__concurrent_access__then_thread_safe ... ok
test cpp__test_thread_registry__ThreadRegistryTest__lane_mark_event__multiple_lanes__then_independent ... ok
test cpp__test_thread_registry__ThreadRegistryTest__lane_mark_event__null_lane__then_safe ... ok
test cpp__test_thread_registry__ThreadRegistryTest__lane_mark_event__valid_lane__then_sets_marked ... ok
test cpp__test_thread_registry__ThreadRegistryTest__memory_ordering__registration__then_visible_to_drain ... ok
test cpp__test_thread_registry__ThreadRegistryTest__performance__registration__then_fast ... ok
test cpp__test_thread_registry__ThreadRegistryTest__performance__spsc_throughput__then_high ... ok
test cpp__test_thread_registry__ThreadRegistryTest__spsc_queue__single_producer__then_maintains_order ... ok
test cpp__test_thread_registry__ThreadRegistryTest__spsc_queue__wraparound__then_correct ... ok
test cpp__test_thread_registry__ThreadRegistryTest__thread_registry__alignment_structures__then_cache_aligned ... ok
test cpp__test_thread_registry__ThreadRegistryTest__thread_registry__attach__then_valid ... ok
test cpp__test_thread_registry__ThreadRegistryTest__thread_registry__c_api_compatibility__then_works ... ok
test cpp__test_thread_registry__ThreadRegistryTest__thread_registry__capacity_exceeded__then_returns_null ... ok
test cpp__test_thread_registry__ThreadRegistryTest__thread_registry__concurrent_registration__then_unique_slots ... ok
test cpp__test_thread_registry__ThreadRegistryTest__thread_registry__debug_dump__then_contains_expected_strings ... ok
test cpp__test_thread_registry__ThreadRegistryTest__thread_registry__duplicate_registration__then_returns_cached ... ok
test cpp__test_thread_registry__ThreadRegistryTest__thread_registry__memory_layout__then_debuggable ... ok
test cpp__test_thread_registry__ThreadRegistryTest__thread_registry__single_registration__then_succeeds ... ok
test cpp__test_thread_registry__ThreadRegistryTest__thread_registry__unregister__then_inactive ... ok
test cpp__test_thread_registry_accessors__ThreadRegistryAccessors__CombinedAccessorUsage ... ok
test cpp__test_thread_registry_accessors__ThreadRegistryAccessors__GetActiveCount ... ok
test cpp__test_thread_registry_accessors__ThreadRegistryAccessors__GetCapacity ... ok
test cpp__test_thread_registry_accessors__ThreadRegistryAccessors__ThreadLanesAccessors ... ok
test cpp__test_thread_registry_fallback__thread_registry__fallback_without_shm_dir__then_uses_local_base__unit ... ok
test cpp__test_thread_registry_integration__ThreadRegistryIntegrationTest__integration__cross_thread_visibility__then_consistent_state ... ok
test cpp__test_thread_registry_integration__ThreadRegistryIntegrationTest__integration__drain_iterator__then_sees_all_active ... ok
test cpp__test_thread_registry_integration__ThreadRegistryIntegrationTest__integration__high_frequency_events__then_handles_pressure ... ok
test cpp__test_thread_registry_integration__ThreadRegistryIntegrationTest__integration__memory_barriers__then_correct_visibility ... ok
test cpp__test_thread_registry_integration__ThreadRegistryIntegrationTest__integration__multi_thread_registration__then_all_visible ... ok
test cpp__test_thread_registry_integration__ThreadRegistryIntegrationTest__integration__producer_drain_coordination__then_no_data_loss ... ok
test cpp__test_thread_registry_integration__ThreadRegistryIntegrationTest__integration__thread_lifecycle__then_clean_transitions ... ok
test cpp__test_thread_registry_integration__ThreadRegistryIntegrationTest__sanity_check ... ok
test cpp__test_timer__TimerTest__timer__cancel_when_uninitialized__then_returns_success ... ok
test cpp__test_timer__TimerTest__timer__cleanup_when_uninitialized__then_noop ... ok
test cpp__test_timer__TimerTest__timer__expires__then_shutdown_invoked ... ok
test cpp__test_timer__TimerTest__timer__init_when_already_initialized__then_returns_success ... ok
test cpp__test_timer__TimerTest__timer__is_active_when_uninitialized__then_false ... ok
test cpp__test_timer__TimerTest__timer__remaining_ms_decreases__then_reports_progress ... ok
test cpp__test_timer__TimerTest__timer__start_and_cancel__then_inactive ... ok
test cpp__test_timer__TimerTest__timer__start_when_already_active__then_sets_ebusy ... ok
test cpp__test_timer__TimerTest__timer__start_when_not_initialized__then_sets_einval ... ok
test cpp__test_timer__TimerTest__timer__start_with_zero_duration__then_sets_einval ... ok
test cpp__test_timer__TimerWhiteboxTest__interruptible_sleep_whitebox__nanosleep_eintr_then_succeeds__then_returns_true ... ok
test cpp__test_timer__TimerWhiteboxTest__interruptible_sleep_whitebox__nanosleep_eintr_with_stop__then_returns_false ... ok
test cpp__test_timer__TimerWhiteboxTest__interruptible_sleep_whitebox__nanosleep_non_eintr__then_returns_false ... ok
test cpp__test_timer__TimerWhiteboxTest__interruptible_sleep_whitebox__zero_duration__then_returns_true ... ok
test cpp__test_timer__TimerWhiteboxTest__timer_whitebox__calculate_elapsed_future_start__then_returns_zero ... ok
test cpp__test_timer__TimerWhiteboxTest__timer_whitebox__calculate_elapsed_progress__then_returns_delta ... ok
test cpp__test_timer__TimerTest__timer__remaining_ms_when_elapsed__then_zero ... ok
test cpp__test_timer__TimerTest__timer__remaining_ms_when_inactive__then_zero ... ok
test cpp__test_timer__TimerTest__timer__remaining_ms_when_uninitialized__then_zero ... ok
test cpp__test_timer__TimerWhiteboxTest__timer_whitebox__calculate_elapsed_zero_start__then_returns_zero ... ok
test cpp__test_timer__TimerWhiteboxTest__timer_whitebox__cleanup_when_initialized__then_resets_fields ... ok
test cpp__test_timer__TimerWhiteboxTest__timer_whitebox__clock_queue_overflow__then_discards_additional_values ... ok
test cpp__test_timer__TimerWhiteboxTest__timer_whitebox__current_time_failure__then_returns_zero ... ok
test cpp__test_timer__TimerWhiteboxTest__timer_whitebox__decrement_retry__then_records_retry ... ok
test cpp__test_timer__TimerWhiteboxTest__timer_whitebox__init_when_uninitialized__then_resets_fields ... ok
test cpp__test_timer__TimerWhiteboxTest__timer_whitebox__remaining_ms_when_elapsed_exceeds_duration__then_returns_zero ... ok
test cpp__test_timer__TimerWhiteboxTest__timer_whitebox__remaining_ms_with_invalid_state__then_returns_zero ... ok
test cpp__test_timer__TimerWhiteboxTest__timer_whitebox__start_success__then_sets_thread_joinable ... ok
test cpp__test_timer__TimerWhiteboxTest__timer_whitebox__start_when_clock_fails__then_returns_error ... ok
test cpp_tests_status ... ok
test cpp__test_timer__TimerWhiteboxTest__timer_whitebox__start_when_thread_creation_fails__then_propagates_error ... ok
test cpp__test_timer__TimerWhiteboxTest__timer_whitebox__start_without_inline__then_thread_routine_deferred ... ok
test cpp__test_timer__TimerWhiteboxTest__timer_whitebox__thread_sleep_failure__then_clears_flags ... ok
test cpp__test_timer__TimerWhiteboxTest__timer_whitebox__thread_stop_requested_immediately__then_clears_flags ... ok
test cpp__test_timer__TimerWhiteboxTest__timer_whitebox__timer_join_if_needed_when_joinable__then_clears_flag ... ok
test cpp__test_timer__TimerWhiteboxTest__timer_whitebox__timer_join_if_needed_when_not_joinable__then_noop ... ok
test cpp__test_timer__TimerWhiteboxTest__timer_whitebox__timespec_addition_overflow__then_returns_uint64_max ... ok
test cpp__test_timer__TimerWhiteboxTest__timer_whitebox__timespec_negative_seconds__then_returns_zero ... ok
test cpp__test_timer__TimerWhiteboxTest__timer_whitebox__timespec_null__then_returns_zero ... ok
test cpp__test_timer__TimerWhiteboxTest__timer_whitebox__timespec_seconds_overflow__then_returns_uint64_max ... ok
test cpp__test_timer__TimerWhiteboxTest__timer_whitebox__timespec_valid__then_combines_components ... ok
test cpp__test_timer_integration__TimerIntegrationTest__timer_integration__cancel_from_worker__then_shutdown_not_called ... ok
test cpp__test_timer_integration__TimerIntegrationTest__timer_integration__start_and_expire__then_shutdown_triggered_once ... ok

test result: ok. 800 passed; 0 failed; 0 ignored; 0 measured; 0 filtered out; finished in 37.11s

   Doc-tests ada_tracer

running 0 tests

test result: ok. 0 passed; 0 failed; 0 ignored; 0 measured; 0 filtered out; finished in 0.00s

   Doc-tests query_engine

running 0 tests

test result: ok. 0 passed; 0 failed; 0 ignored; 0 measured; 0 filtered out; finished in 0.00s

   Doc-tests third_parties

running 0 tests

test result: ok. 0 passed; 0 failed; 0 ignored; 0 measured; 0 filtered out; finished in 0.00s

   Doc-tests tracer_backend

running 0 tests

test result: ok. 0 passed; 0 failed; 0 ignored; 0 measured; 0 filtered out; finished in 0.00s

